---
source: src/gotools_parser/mod.rs
expression: string
---
. w w . b _ _ _ _ _ _ _ _ _ _ _
w w b . b _ _ _ _ _ _ _ _ _ _ _
w b . b b _ _ _ _ _ _ _ _ _ _ _
. w b b _ _ _ _ _ _ _ _ _ _ _ _
w w b _ _ _ _ _ _ _ _ _ _ _ _ _
b b b _ _ _ _ _ _ _ _ _ _ _ _ _
_ _ _ _ _ _ _ _ _ _ _ _ _ _ _ _
_ _ _ _ _ _ _ _ _ _ _ _ _ _ _ _

. b w . w b _ _ _ _ _ _ _ _ _ _
. w b w w b _ _ _ _ _ _ _ _ _ _
. . . b b b _ _ _ _ _ _ _ _ _ _
. w b b _ _ _ _ _ _ _ _ _ _ _ _
b b b _ _ _ _ _ _ _ _ _ _ _ _ _
_ _ _ _ _ _ _ _ _ _ _ _ _ _ _ _
_ _ _ _ _ _ _ _ _ _ _ _ _ _ _ _
_ _ _ _ _ _ _ _ _ _ _ _ _ _ _ _

. b b _ _ _ _ _ _ _ _ _ _ _ _ _
. w b b b _ _ _ _ _ _ _ _ _ _ _
w . w w b _ _ _ _ _ _ _ _ _ _ _
. . . w b _ _ _ _ _ _ _ _ _ _ _
. w w b b _ _ _ _ _ _ _ _ _ _ _
. b b b _ _ _ _ _ _ _ _ _ _ _ _
b b _ _ _ _ _ _ _ _ _ _ _ _ _ _
_ _ _ _ _ _ _ _ _ _ _ _ _ _ _ _

. b . b _ _ _ _ _ _ _ _ _ _ _ _
. w b b _ _ _ _ _ _ _ _ _ _ _ _
w . w b _ _ _ _ _ _ _ _ _ _ _ _
. w w b _ _ _ _ _ _ _ _ _ _ _ _
w . b b _ _ _ _ _ _ _ _ _ _ _ _
b b b _ _ _ _ _ _ _ _ _ _ _ _ _
_ _ _ _ _ _ _ _ _ _ _ _ _ _ _ _
_ _ _ _ _ _ _ _ _ _ _ _ _ _ _ _


