---
source: src/generation/candidate.rs
expression: snapshot
---
. b w . . w . . b _ _ _ _ _ _ _
. b . . w b b . b _ _ _ _ _ _ _
b b b b b b b b _ _ _ _ _ _ _ _
_ _ _ _ _ _ _ _ _ _ _ _ _ _ _ _
_ _ _ _ _ _ _ _ _ _ _ _ _ _ _ _
_ _ _ _ _ _ _ _ _ _ _ _ _ _ _ _
_ _ _ _ _ _ _ _ _ _ _ _ _ _ _ _
_ _ _ _ _ _ _ _ _ _ _ _ _ _ _ _


w . w . . . w _ _ _ _ _ _ _ _ _
. . . w b w w _ _ _ _ _ _ _ _ _
w b . . w . w _ _ _ _ _ _ _ _ _
w b . . . w w _ _ _ _ _ _ _ _ _
w w w w w w _ _ _ _ _ _ _ _ _ _
_ _ _ _ _ _ _ _ _ _ _ _ _ _ _ _
_ _ _ _ _ _ _ _ _ _ _ _ _ _ _ _
_ _ _ _ _ _ _ _ _ _ _ _ _ _ _ _


b b . b _ _ _ _ _ _ _ _ _ _ _ _
. b w b _ _ _ _ _ _ _ _ _ _ _ _
. . w b _ _ _ _ _ _ _ _ _ _ _ _
w . w b _ _ _ _ _ _ _ _ _ _ _ _
b b b _ _ _ _ _ _ _ _ _ _ _ _ _
_ _ _ _ _ _ _ _ _ _ _ _ _ _ _ _
_ _ _ _ _ _ _ _ _ _ _ _ _ _ _ _
_ _ _ _ _ _ _ _ _ _ _ _ _ _ _ _


w . w . . . w . b b _ _ _ _ _ _
w . . w w w . b w b _ _ _ _ _ _
. . . . . . b . . b _ _ _ _ _ _
. b b b b b . b w b _ _ _ _ _ _
. w . w b . w b b b _ _ _ _ _ _
b b b b b b b b b _ _ _ _ _ _ _
_ _ _ _ _ _ _ _ _ _ _ _ _ _ _ _
_ _ _ _ _ _ _ _ _ _ _ _ _ _ _ _


w w . b _ _ _ _ _ _ _ _ _ _ _ _
. w . b _ _ _ _ _ _ _ _ _ _ _ _
. . . b _ _ _ _ _ _ _ _ _ _ _ _
b b . b _ _ _ _ _ _ _ _ _ _ _ _
b b b _ _ _ _ _ _ _ _ _ _ _ _ _
_ _ _ _ _ _ _ _ _ _ _ _ _ _ _ _
_ _ _ _ _ _ _ _ _ _ _ _ _ _ _ _
_ _ _ _ _ _ _ _ _ _ _ _ _ _ _ _


w w . . . b . b . b . . . b _ _
w . . . . w . . b w b . b b _ _
b b b b b b b b b b b b b _ _ _
_ _ _ _ _ _ _ _ _ _ _ _ _ _ _ _
_ _ _ _ _ _ _ _ _ _ _ _ _ _ _ _
_ _ _ _ _ _ _ _ _ _ _ _ _ _ _ _
_ _ _ _ _ _ _ _ _ _ _ _ _ _ _ _
_ _ _ _ _ _ _ _ _ _ _ _ _ _ _ _


. . . . . . b . . . w . . w _ _
. b . w . b . . . w b . . w _ _
w . . . . b . w w w . b w w _ _
. w . w w b b w . . . . b w _ _
w w w w w w w w w w w w w _ _ _
_ _ _ _ _ _ _ _ _ _ _ _ _ _ _ _
_ _ _ _ _ _ _ _ _ _ _ _ _ _ _ _
_ _ _ _ _ _ _ _ _ _ _ _ _ _ _ _


. b b . b w w w . w . w _ _ _ _
w w b . . b w . . w . w _ _ _ _
. . . b . b w b . . w w _ _ _ _
w w w w w w w w w w w _ _ _ _ _
_ _ _ _ _ _ _ _ _ _ _ _ _ _ _ _
_ _ _ _ _ _ _ _ _ _ _ _ _ _ _ _
_ _ _ _ _ _ _ _ _ _ _ _ _ _ _ _
_ _ _ _ _ _ _ _ _ _ _ _ _ _ _ _


. w b . . w w _ _ _ _ _ _ _ _ _
b . . . . w w _ _ _ _ _ _ _ _ _
. w b b . . w _ _ _ _ _ _ _ _ _
w w w w w w _ _ _ _ _ _ _ _ _ _
_ _ _ _ _ _ _ _ _ _ _ _ _ _ _ _
_ _ _ _ _ _ _ _ _ _ _ _ _ _ _ _
_ _ _ _ _ _ _ _ _ _ _ _ _ _ _ _
_ _ _ _ _ _ _ _ _ _ _ _ _ _ _ _


b . . w . . w w . . . b b w _ _
b . b w . . . w . b . . b w _ _
b w . b b w . . w . . . b w _ _
w w w w w w w w w w w w w _ _ _
_ _ _ _ _ _ _ _ _ _ _ _ _ _ _ _
_ _ _ _ _ _ _ _ _ _ _ _ _ _ _ _
_ _ _ _ _ _ _ _ _ _ _ _ _ _ _ _
_ _ _ _ _ _ _ _ _ _ _ _ _ _ _ _


w b w . w w b . w w . b _ _ _ _
. b w w b . w . . . . b _ _ _ _
b w b b . . . w w b b b _ _ _ _
b b b b b b b b b b b _ _ _ _ _
_ _ _ _ _ _ _ _ _ _ _ _ _ _ _ _
_ _ _ _ _ _ _ _ _ _ _ _ _ _ _ _
_ _ _ _ _ _ _ _ _ _ _ _ _ _ _ _
_ _ _ _ _ _ _ _ _ _ _ _ _ _ _ _


. . b . . . . . . b . w _ _ _ _
b b w . . . b b w . w w _ _ _ _
b w . b . w . . w w b w _ _ _ _
. . . w b w b . w b . w _ _ _ _
w w w w w w w w w w w _ _ _ _ _
_ _ _ _ _ _ _ _ _ _ _ _ _ _ _ _
_ _ _ _ _ _ _ _ _ _ _ _ _ _ _ _
_ _ _ _ _ _ _ _ _ _ _ _ _ _ _ _


b w w . . b . b b _ _ _ _ _ _ _
b b . . . b . w b _ _ _ _ _ _ _
b . . . w w b . b _ _ _ _ _ _ _
. b . . . b . . b _ _ _ _ _ _ _
. b w w w . w b b _ _ _ _ _ _ _
. b w b w w . . b _ _ _ _ _ _ _
b b b b b b b b _ _ _ _ _ _ _ _
_ _ _ _ _ _ _ _ _ _ _ _ _ _ _ _


. w . . b w . b . w _ _ _ _ _ _
b b . . b . w b w w _ _ _ _ _ _
. b w w b w w w b w _ _ _ _ _ _
w . b . w . . . . w _ _ _ _ _ _
b w . . b . . b b w _ _ _ _ _ _
w w w w w w w w w _ _ _ _ _ _ _
_ _ _ _ _ _ _ _ _ _ _ _ _ _ _ _
_ _ _ _ _ _ _ _ _ _ _ _ _ _ _ _


. b . w . . w w _ _ _ _ _ _ _ _
w . b b . w . w _ _ _ _ _ _ _ _
w w w w w w w _ _ _ _ _ _ _ _ _
_ _ _ _ _ _ _ _ _ _ _ _ _ _ _ _
_ _ _ _ _ _ _ _ _ _ _ _ _ _ _ _
_ _ _ _ _ _ _ _ _ _ _ _ _ _ _ _
_ _ _ _ _ _ _ _ _ _ _ _ _ _ _ _
_ _ _ _ _ _ _ _ _ _ _ _ _ _ _ _


w . . b w _ _ _ _ _ _ _ _ _ _ _
. b . w w _ _ _ _ _ _ _ _ _ _ _
. b . w w _ _ _ _ _ _ _ _ _ _ _
b w . w w _ _ _ _ _ _ _ _ _ _ _
w w w w _ _ _ _ _ _ _ _ _ _ _ _
_ _ _ _ _ _ _ _ _ _ _ _ _ _ _ _
_ _ _ _ _ _ _ _ _ _ _ _ _ _ _ _
_ _ _ _ _ _ _ _ _ _ _ _ _ _ _ _


b b . b w b . b . b . w w w _ _
. . w . b w b b w w b . . w _ _
. b w . . b w . w . b . . w _ _
w w w w w w w w w w w w w _ _ _
_ _ _ _ _ _ _ _ _ _ _ _ _ _ _ _
_ _ _ _ _ _ _ _ _ _ _ _ _ _ _ _
_ _ _ _ _ _ _ _ _ _ _ _ _ _ _ _
_ _ _ _ _ _ _ _ _ _ _ _ _ _ _ _


b . . . w . . b b . . w _ _ _ _
w w b . w . . w . b . w _ _ _ _
. b . . b w b w . . . w _ _ _ _
. w . w . b . w b . . w _ _ _ _
w w w w w w w w w w w _ _ _ _ _
_ _ _ _ _ _ _ _ _ _ _ _ _ _ _ _
_ _ _ _ _ _ _ _ _ _ _ _ _ _ _ _
_ _ _ _ _ _ _ _ _ _ _ _ _ _ _ _


. . . . b _ _ _ _ _ _ _ _ _ _ _
. w . . b _ _ _ _ _ _ _ _ _ _ _
b w b b b _ _ _ _ _ _ _ _ _ _ _
. b . w b _ _ _ _ _ _ _ _ _ _ _
. b . b b _ _ _ _ _ _ _ _ _ _ _
w w . b b _ _ _ _ _ _ _ _ _ _ _
b b b b _ _ _ _ _ _ _ _ _ _ _ _
_ _ _ _ _ _ _ _ _ _ _ _ _ _ _ _


w w . b b b w w _ _ _ _ _ _ _ _
b . . . . b b w _ _ _ _ _ _ _ _
b . w b . . . w _ _ _ _ _ _ _ _
w b w . . w . w _ _ _ _ _ _ _ _
. w b . b w . w _ _ _ _ _ _ _ _
w w w w w w w _ _ _ _ _ _ _ _ _
_ _ _ _ _ _ _ _ _ _ _ _ _ _ _ _
_ _ _ _ _ _ _ _ _ _ _ _ _ _ _ _


b b w . b _ _ _ _ _ _ _ _ _ _ _
b w w . b _ _ _ _ _ _ _ _ _ _ _
b w w w b _ _ _ _ _ _ _ _ _ _ _
b . . . b _ _ _ _ _ _ _ _ _ _ _
b . w w b _ _ _ _ _ _ _ _ _ _ _
b b b b _ _ _ _ _ _ _ _ _ _ _ _
_ _ _ _ _ _ _ _ _ _ _ _ _ _ _ _
_ _ _ _ _ _ _ _ _ _ _ _ _ _ _ _


w w b b b w b _ _ _ _ _ _ _ _ _
w . . w b . b _ _ _ _ _ _ _ _ _
. w w b . w b _ _ _ _ _ _ _ _ _
w w . . w w b _ _ _ _ _ _ _ _ _
b . . b b . b _ _ _ _ _ _ _ _ _
b b b b b b _ _ _ _ _ _ _ _ _ _
_ _ _ _ _ _ _ _ _ _ _ _ _ _ _ _
_ _ _ _ _ _ _ _ _ _ _ _ _ _ _ _


w w . w b b _ _ _ _ _ _ _ _ _ _
. b b w . b _ _ _ _ _ _ _ _ _ _
b . . . . b _ _ _ _ _ _ _ _ _ _
w . w b . b _ _ _ _ _ _ _ _ _ _
w . . b b b _ _ _ _ _ _ _ _ _ _
. . . w . b _ _ _ _ _ _ _ _ _ _
b b b b b _ _ _ _ _ _ _ _ _ _ _
_ _ _ _ _ _ _ _ _ _ _ _ _ _ _ _


w . b w . . . b _ _ _ _ _ _ _ _
. . . b . . b b _ _ _ _ _ _ _ _
b b b b b b b _ _ _ _ _ _ _ _ _
_ _ _ _ _ _ _ _ _ _ _ _ _ _ _ _
_ _ _ _ _ _ _ _ _ _ _ _ _ _ _ _
_ _ _ _ _ _ _ _ _ _ _ _ _ _ _ _
_ _ _ _ _ _ _ _ _ _ _ _ _ _ _ _
_ _ _ _ _ _ _ _ _ _ _ _ _ _ _ _


. . . . . . . . b w _ _ _ _ _ _
. w b b w w w . . w _ _ _ _ _ _
. . b w w . b . w w _ _ _ _ _ _
. w . . . w . b . w _ _ _ _ _ _
. . w b w b . w b w _ _ _ _ _ _
w w w w w w w w w _ _ _ _ _ _ _
_ _ _ _ _ _ _ _ _ _ _ _ _ _ _ _
_ _ _ _ _ _ _ _ _ _ _ _ _ _ _ _


b . . . . . w _ _ _ _ _ _ _ _ _
. . b . w b w _ _ _ _ _ _ _ _ _
b b . w b . w _ _ _ _ _ _ _ _ _
b . . . . b w _ _ _ _ _ _ _ _ _
b . b w b . w _ _ _ _ _ _ _ _ _
w w w w w w _ _ _ _ _ _ _ _ _ _
_ _ _ _ _ _ _ _ _ _ _ _ _ _ _ _
_ _ _ _ _ _ _ _ _ _ _ _ _ _ _ _


. . w . . w b . . w . w w _ _ _
b b . b . b b w . b . . w _ _ _
. . w b . b . b . . . w w _ _ _
. b . . . w w b b . w . w _ _ _
w w w w w w w w w w w w _ _ _ _
_ _ _ _ _ _ _ _ _ _ _ _ _ _ _ _
_ _ _ _ _ _ _ _ _ _ _ _ _ _ _ _
_ _ _ _ _ _ _ _ _ _ _ _ _ _ _ _


. w w . . b w w . b _ _ _ _ _ _
. b . . . w w . . b _ _ _ _ _ _
. . b . . . . b w b _ _ _ _ _ _
w . . b b w b . b b _ _ _ _ _ _
b . b b w b w . b b _ _ _ _ _ _
b b b b b b b b b _ _ _ _ _ _ _
_ _ _ _ _ _ _ _ _ _ _ _ _ _ _ _
_ _ _ _ _ _ _ _ _ _ _ _ _ _ _ _


b . . b . . . w b _ _ _ _ _ _ _
w w . . w b . . b _ _ _ _ _ _ _
w w . . . b b . b _ _ _ _ _ _ _
b w w w . . w w b _ _ _ _ _ _ _
b . w . b b . . b _ _ _ _ _ _ _
w . . w w . . w b _ _ _ _ _ _ _
b b b b b b b b _ _ _ _ _ _ _ _
_ _ _ _ _ _ _ _ _ _ _ _ _ _ _ _


. . w b _ _ _ _ _ _ _ _ _ _ _ _
w w b b _ _ _ _ _ _ _ _ _ _ _ _
w b . b _ _ _ _ _ _ _ _ _ _ _ _
b b b _ _ _ _ _ _ _ _ _ _ _ _ _
_ _ _ _ _ _ _ _ _ _ _ _ _ _ _ _
_ _ _ _ _ _ _ _ _ _ _ _ _ _ _ _
_ _ _ _ _ _ _ _ _ _ _ _ _ _ _ _
_ _ _ _ _ _ _ _ _ _ _ _ _ _ _ _


. w . w w w . w _ _ _ _ _ _ _ _
w . b . b . w w _ _ _ _ _ _ _ _
w . . b . w . w _ _ _ _ _ _ _ _
. b w b . b . w _ _ _ _ _ _ _ _
. w . b . . . w _ _ _ _ _ _ _ _
. b w . b . . w _ _ _ _ _ _ _ _
w w w w w w w _ _ _ _ _ _ _ _ _
_ _ _ _ _ _ _ _ _ _ _ _ _ _ _ _


w . . b _ _ _ _ _ _ _ _ _ _ _ _
. . b b _ _ _ _ _ _ _ _ _ _ _ _
b b b _ _ _ _ _ _ _ _ _ _ _ _ _
_ _ _ _ _ _ _ _ _ _ _ _ _ _ _ _
_ _ _ _ _ _ _ _ _ _ _ _ _ _ _ _
_ _ _ _ _ _ _ _ _ _ _ _ _ _ _ _
_ _ _ _ _ _ _ _ _ _ _ _ _ _ _ _
_ _ _ _ _ _ _ _ _ _ _ _ _ _ _ _


. . w b . . w _ _ _ _ _ _ _ _ _
. b b . b b w _ _ _ _ _ _ _ _ _
. . . . . b w _ _ _ _ _ _ _ _ _
b b . . w . w _ _ _ _ _ _ _ _ _
w . w b . . w _ _ _ _ _ _ _ _ _
w w w w w w _ _ _ _ _ _ _ _ _ _
_ _ _ _ _ _ _ _ _ _ _ _ _ _ _ _
_ _ _ _ _ _ _ _ _ _ _ _ _ _ _ _


. w . b . w w w . w w w _ _ _ _
. . . . . b . . . w . w _ _ _ _
. . . b w b b . . w w w _ _ _ _
w w . w . . w . . . b w _ _ _ _
w w w w w w w w w w w _ _ _ _ _
_ _ _ _ _ _ _ _ _ _ _ _ _ _ _ _
_ _ _ _ _ _ _ _ _ _ _ _ _ _ _ _
_ _ _ _ _ _ _ _ _ _ _ _ _ _ _ _


. . . . w . . b w _ _ _ _ _ _ _
b . . b w b . . w _ _ _ _ _ _ _
b b b . . b . b w _ _ _ _ _ _ _
w . w w . b b b w _ _ _ _ _ _ _
b . . . . . w . w _ _ _ _ _ _ _
w w w w w w w w _ _ _ _ _ _ _ _
_ _ _ _ _ _ _ _ _ _ _ _ _ _ _ _
_ _ _ _ _ _ _ _ _ _ _ _ _ _ _ _


w w . b . b b w _ _ _ _ _ _ _ _
b . . w . . . w _ _ _ _ _ _ _ _
. b w b . . b w _ _ _ _ _ _ _ _
b b . . w . . w _ _ _ _ _ _ _ _
. . w b w . . w _ _ _ _ _ _ _ _
b . . . b w . w _ _ _ _ _ _ _ _
w w w w w w w _ _ _ _ _ _ _ _ _
_ _ _ _ _ _ _ _ _ _ _ _ _ _ _ _


. w b _ _ _ _ _ _ _ _ _ _ _ _ _
w . b _ _ _ _ _ _ _ _ _ _ _ _ _
b b _ _ _ _ _ _ _ _ _ _ _ _ _ _
_ _ _ _ _ _ _ _ _ _ _ _ _ _ _ _
_ _ _ _ _ _ _ _ _ _ _ _ _ _ _ _
_ _ _ _ _ _ _ _ _ _ _ _ _ _ _ _
_ _ _ _ _ _ _ _ _ _ _ _ _ _ _ _
_ _ _ _ _ _ _ _ _ _ _ _ _ _ _ _


. . b b w w w . . . w _ _ _ _ _
b w b b w . b . b w w _ _ _ _ _
w w w w w w w w w w _ _ _ _ _ _
_ _ _ _ _ _ _ _ _ _ _ _ _ _ _ _
_ _ _ _ _ _ _ _ _ _ _ _ _ _ _ _
_ _ _ _ _ _ _ _ _ _ _ _ _ _ _ _
_ _ _ _ _ _ _ _ _ _ _ _ _ _ _ _
_ _ _ _ _ _ _ _ _ _ _ _ _ _ _ _


. w w . . . b _ _ _ _ _ _ _ _ _
. b b . w w b _ _ _ _ _ _ _ _ _
. w b w . b b _ _ _ _ _ _ _ _ _
. . . . b . b _ _ _ _ _ _ _ _ _
. b w . . b b _ _ _ _ _ _ _ _ _
w w . b b . b _ _ _ _ _ _ _ _ _
b b b b b b _ _ _ _ _ _ _ _ _ _
_ _ _ _ _ _ _ _ _ _ _ _ _ _ _ _


w b b b b . w _ _ _ _ _ _ _ _ _
b b w w w . w _ _ _ _ _ _ _ _ _
w w w w w w _ _ _ _ _ _ _ _ _ _
_ _ _ _ _ _ _ _ _ _ _ _ _ _ _ _
_ _ _ _ _ _ _ _ _ _ _ _ _ _ _ _
_ _ _ _ _ _ _ _ _ _ _ _ _ _ _ _
_ _ _ _ _ _ _ _ _ _ _ _ _ _ _ _
_ _ _ _ _ _ _ _ _ _ _ _ _ _ _ _


. b . . . . b b b . w _ _ _ _ _
w . . w . . . . . . w _ _ _ _ _
b . . . . . w . . . w _ _ _ _ _
w b b w w b . w w . w _ _ _ _ _
w b b . w w w w . w w _ _ _ _ _
w b . . . . w b w . w _ _ _ _ _
w w w w w w w w w w _ _ _ _ _ _
_ _ _ _ _ _ _ _ _ _ _ _ _ _ _ _


. w b w _ _ _ _ _ _ _ _ _ _ _ _
. . w w _ _ _ _ _ _ _ _ _ _ _ _
w w w _ _ _ _ _ _ _ _ _ _ _ _ _
_ _ _ _ _ _ _ _ _ _ _ _ _ _ _ _
_ _ _ _ _ _ _ _ _ _ _ _ _ _ _ _
_ _ _ _ _ _ _ _ _ _ _ _ _ _ _ _
_ _ _ _ _ _ _ _ _ _ _ _ _ _ _ _
_ _ _ _ _ _ _ _ _ _ _ _ _ _ _ _


w w . b . w . w _ _ _ _ _ _ _ _
b b w b b . . w _ _ _ _ _ _ _ _
. . . b . . . w _ _ _ _ _ _ _ _
. b b . . . . w _ _ _ _ _ _ _ _
. w b . b b . w _ _ _ _ _ _ _ _
w w w w w w w _ _ _ _ _ _ _ _ _
_ _ _ _ _ _ _ _ _ _ _ _ _ _ _ _
_ _ _ _ _ _ _ _ _ _ _ _ _ _ _ _


. b w w w w _ _ _ _ _ _ _ _ _ _
. b b b w w _ _ _ _ _ _ _ _ _ _
b w . . . w _ _ _ _ _ _ _ _ _ _
w b w . . w _ _ _ _ _ _ _ _ _ _
w . . w . w _ _ _ _ _ _ _ _ _ _
w w w w w _ _ _ _ _ _ _ _ _ _ _
_ _ _ _ _ _ _ _ _ _ _ _ _ _ _ _
_ _ _ _ _ _ _ _ _ _ _ _ _ _ _ _


. . b . . w . b . . . w b b _ _
. . w b . . b b w w b . . b _ _
b b . b . . . . w . . . . b _ _
. b b w . . b . b b b . . b _ _
. w w w b . . . w . b . . b _ _
w b b . w . b b w b b b . b _ _
b b b b b b b b b b b b b _ _ _
_ _ _ _ _ _ _ _ _ _ _ _ _ _ _ _


b . . . w _ _ _ _ _ _ _ _ _ _ _
w w b . w _ _ _ _ _ _ _ _ _ _ _
w . w w w _ _ _ _ _ _ _ _ _ _ _
b w . b w _ _ _ _ _ _ _ _ _ _ _
w w w . w _ _ _ _ _ _ _ _ _ _ _
. . . . w _ _ _ _ _ _ _ _ _ _ _
w w w w _ _ _ _ _ _ _ _ _ _ _ _
_ _ _ _ _ _ _ _ _ _ _ _ _ _ _ _


. b . w _ _ _ _ _ _ _ _ _ _ _ _
b b b w _ _ _ _ _ _ _ _ _ _ _ _
. b w w _ _ _ _ _ _ _ _ _ _ _ _
w w w _ _ _ _ _ _ _ _ _ _ _ _ _
_ _ _ _ _ _ _ _ _ _ _ _ _ _ _ _
_ _ _ _ _ _ _ _ _ _ _ _ _ _ _ _
_ _ _ _ _ _ _ _ _ _ _ _ _ _ _ _
_ _ _ _ _ _ _ _ _ _ _ _ _ _ _ _


. w w . . w b b . . b _ _ _ _ _
b . b w w w . w w w b _ _ _ _ _
. . w . w b w b . b b _ _ _ _ _
b w w . . w w w . . b _ _ _ _ _
. w b . . b w . b . b _ _ _ _ _
w w b w b . . . . . b _ _ _ _ _
b b b b b b b b b b _ _ _ _ _ _
_ _ _ _ _ _ _ _ _ _ _ _ _ _ _ _


b b w w . w . b b b _ _ _ _ _ _
w . . w b w . . . b _ _ _ _ _ _
b w b . . w w . . b _ _ _ _ _ _
b b b b b b b b b _ _ _ _ _ _ _
_ _ _ _ _ _ _ _ _ _ _ _ _ _ _ _
_ _ _ _ _ _ _ _ _ _ _ _ _ _ _ _
_ _ _ _ _ _ _ _ _ _ _ _ _ _ _ _
_ _ _ _ _ _ _ _ _ _ _ _ _ _ _ _


b w . w b _ _ _ _ _ _ _ _ _ _ _
. . b . b _ _ _ _ _ _ _ _ _ _ _
b w . . b _ _ _ _ _ _ _ _ _ _ _
w b w w b _ _ _ _ _ _ _ _ _ _ _
. . w b b _ _ _ _ _ _ _ _ _ _ _
w w b b b _ _ _ _ _ _ _ _ _ _ _
b b b b _ _ _ _ _ _ _ _ _ _ _ _
_ _ _ _ _ _ _ _ _ _ _ _ _ _ _ _


b b b w . . w . b w . w b _ _ _
b b w b . w . . . b . b b _ _ _
. . . . . . b . . b w w b _ _ _
b b b b b b b b b b b b _ _ _ _
_ _ _ _ _ _ _ _ _ _ _ _ _ _ _ _
_ _ _ _ _ _ _ _ _ _ _ _ _ _ _ _
_ _ _ _ _ _ _ _ _ _ _ _ _ _ _ _
_ _ _ _ _ _ _ _ _ _ _ _ _ _ _ _


b w . . . b w w w . b w w _ _ _
w . . b w b b . . . . . w _ _ _
w b . . b . . . . . w . w _ _ _
w w w w w w w w w w w w _ _ _ _
_ _ _ _ _ _ _ _ _ _ _ _ _ _ _ _
_ _ _ _ _ _ _ _ _ _ _ _ _ _ _ _
_ _ _ _ _ _ _ _ _ _ _ _ _ _ _ _
_ _ _ _ _ _ _ _ _ _ _ _ _ _ _ _


w b b _ _ _ _ _ _ _ _ _ _ _ _ _
. w b _ _ _ _ _ _ _ _ _ _ _ _ _
b b _ _ _ _ _ _ _ _ _ _ _ _ _ _
_ _ _ _ _ _ _ _ _ _ _ _ _ _ _ _
_ _ _ _ _ _ _ _ _ _ _ _ _ _ _ _
_ _ _ _ _ _ _ _ _ _ _ _ _ _ _ _
_ _ _ _ _ _ _ _ _ _ _ _ _ _ _ _
_ _ _ _ _ _ _ _ _ _ _ _ _ _ _ _


b b . . b w b w w w _ _ _ _ _ _
. w . . w w . . w w _ _ _ _ _ _
. w w b . w . . . w _ _ _ _ _ _
. b w . . . . b w w _ _ _ _ _ _
w w w w w w w w w _ _ _ _ _ _ _
_ _ _ _ _ _ _ _ _ _ _ _ _ _ _ _
_ _ _ _ _ _ _ _ _ _ _ _ _ _ _ _
_ _ _ _ _ _ _ _ _ _ _ _ _ _ _ _


. . . b w . w w . . w . w . w _
w . . b . b w . . b w b b . w _
w . . b w w w . w . . w w . w _
w . . b b b b . w b w b . . w _
b b b b w w . . . b w b w b w _
w w w w w w w w w w w w w w _ _
_ _ _ _ _ _ _ _ _ _ _ _ _ _ _ _
_ _ _ _ _ _ _ _ _ _ _ _ _ _ _ _


. b w . . . w . w _ _ _ _ _ _ _
. . . . b w b . w _ _ _ _ _ _ _
w w w w w w w w _ _ _ _ _ _ _ _
_ _ _ _ _ _ _ _ _ _ _ _ _ _ _ _
_ _ _ _ _ _ _ _ _ _ _ _ _ _ _ _
_ _ _ _ _ _ _ _ _ _ _ _ _ _ _ _
_ _ _ _ _ _ _ _ _ _ _ _ _ _ _ _
_ _ _ _ _ _ _ _ _ _ _ _ _ _ _ _


w . . . . . w . . . w . b _ _ _
w w b . w w w . b w b b b _ _ _
. b . b w w . . . w . . b _ _ _
b b b b b b b b b b b b _ _ _ _
_ _ _ _ _ _ _ _ _ _ _ _ _ _ _ _
_ _ _ _ _ _ _ _ _ _ _ _ _ _ _ _
_ _ _ _ _ _ _ _ _ _ _ _ _ _ _ _
_ _ _ _ _ _ _ _ _ _ _ _ _ _ _ _


. b b . . b . w b _ _ _ _ _ _ _
. . . . . . b w b _ _ _ _ _ _ _
. w . w . . b . b _ _ _ _ _ _ _
b . w b . b w . b _ _ _ _ _ _ _
. . . b . w . . b _ _ _ _ _ _ _
. w . w w w . b b _ _ _ _ _ _ _
b b b b b b b b _ _ _ _ _ _ _ _
_ _ _ _ _ _ _ _ _ _ _ _ _ _ _ _


w b . b . . w b . . . w b _ _ _
w b w b . . . . . . . w b _ _ _
b b b b b b b b b b b b _ _ _ _
_ _ _ _ _ _ _ _ _ _ _ _ _ _ _ _
_ _ _ _ _ _ _ _ _ _ _ _ _ _ _ _
_ _ _ _ _ _ _ _ _ _ _ _ _ _ _ _
_ _ _ _ _ _ _ _ _ _ _ _ _ _ _ _
_ _ _ _ _ _ _ _ _ _ _ _ _ _ _ _


. . . . b _ _ _ _ _ _ _ _ _ _ _
. b . . b _ _ _ _ _ _ _ _ _ _ _
w . w . b _ _ _ _ _ _ _ _ _ _ _
. b . b b _ _ _ _ _ _ _ _ _ _ _
. . b . b _ _ _ _ _ _ _ _ _ _ _
b . . w b _ _ _ _ _ _ _ _ _ _ _
b b b b _ _ _ _ _ _ _ _ _ _ _ _
_ _ _ _ _ _ _ _ _ _ _ _ _ _ _ _


w . b . b b w _ _ _ _ _ _ _ _ _
b . . w . . w _ _ _ _ _ _ _ _ _
. w b b . b w _ _ _ _ _ _ _ _ _
. . . . . . w _ _ _ _ _ _ _ _ _
b . . w . b w _ _ _ _ _ _ _ _ _
w w w w w w _ _ _ _ _ _ _ _ _ _
_ _ _ _ _ _ _ _ _ _ _ _ _ _ _ _
_ _ _ _ _ _ _ _ _ _ _ _ _ _ _ _


b . w . b b . w w w b w _ _ _ _
b . b w . . b . . b w w _ _ _ _
b b . . . b b w . b . w _ _ _ _
w . . w b . b . b w w w _ _ _ _
w w w w w w w w w w w _ _ _ _ _
_ _ _ _ _ _ _ _ _ _ _ _ _ _ _ _
_ _ _ _ _ _ _ _ _ _ _ _ _ _ _ _
_ _ _ _ _ _ _ _ _ _ _ _ _ _ _ _


. b b . . b . w . w _ _ _ _ _ _
. . w . w . w . b w _ _ _ _ _ _
b w w . b w . . . w _ _ _ _ _ _
b . w b b b w . b w _ _ _ _ _ _
w w w w w w w w w _ _ _ _ _ _ _
_ _ _ _ _ _ _ _ _ _ _ _ _ _ _ _
_ _ _ _ _ _ _ _ _ _ _ _ _ _ _ _
_ _ _ _ _ _ _ _ _ _ _ _ _ _ _ _


w w . b . b _ _ _ _ _ _ _ _ _ _
. b . b b b _ _ _ _ _ _ _ _ _ _
w . w . . b _ _ _ _ _ _ _ _ _ _
w b w b . b _ _ _ _ _ _ _ _ _ _
b b b b b _ _ _ _ _ _ _ _ _ _ _
_ _ _ _ _ _ _ _ _ _ _ _ _ _ _ _
_ _ _ _ _ _ _ _ _ _ _ _ _ _ _ _
_ _ _ _ _ _ _ _ _ _ _ _ _ _ _ _


w . w _ _ _ _ _ _ _ _ _ _ _ _ _
w . w _ _ _ _ _ _ _ _ _ _ _ _ _
w w _ _ _ _ _ _ _ _ _ _ _ _ _ _
_ _ _ _ _ _ _ _ _ _ _ _ _ _ _ _
_ _ _ _ _ _ _ _ _ _ _ _ _ _ _ _
_ _ _ _ _ _ _ _ _ _ _ _ _ _ _ _
_ _ _ _ _ _ _ _ _ _ _ _ _ _ _ _
_ _ _ _ _ _ _ _ _ _ _ _ _ _ _ _


b b b . w . b . w _ _ _ _ _ _ _
. . b b . b . w w _ _ _ _ _ _ _
w b w . . b . . w _ _ _ _ _ _ _
w w w w w w w w _ _ _ _ _ _ _ _
_ _ _ _ _ _ _ _ _ _ _ _ _ _ _ _
_ _ _ _ _ _ _ _ _ _ _ _ _ _ _ _
_ _ _ _ _ _ _ _ _ _ _ _ _ _ _ _
_ _ _ _ _ _ _ _ _ _ _ _ _ _ _ _


b . w w b . . w . . b w _ _ _ _
. . w w w . . . . b . w _ _ _ _
. . . . b . w . w . w w _ _ _ _
b b . w b . w w . w . w _ _ _ _
. w w . . w . . . b . w _ _ _ _
w . b . . . w w . b . w _ _ _ _
w w w w w w w w w w w _ _ _ _ _
_ _ _ _ _ _ _ _ _ _ _ _ _ _ _ _


. b . w _ _ _ _ _ _ _ _ _ _ _ _
w . . w _ _ _ _ _ _ _ _ _ _ _ _
w w w _ _ _ _ _ _ _ _ _ _ _ _ _
_ _ _ _ _ _ _ _ _ _ _ _ _ _ _ _
_ _ _ _ _ _ _ _ _ _ _ _ _ _ _ _
_ _ _ _ _ _ _ _ _ _ _ _ _ _ _ _
_ _ _ _ _ _ _ _ _ _ _ _ _ _ _ _
_ _ _ _ _ _ _ _ _ _ _ _ _ _ _ _


. . b . b . b b b _ _ _ _ _ _ _
w w . . . . b w b _ _ _ _ _ _ _
b b b b b b b b _ _ _ _ _ _ _ _
_ _ _ _ _ _ _ _ _ _ _ _ _ _ _ _
_ _ _ _ _ _ _ _ _ _ _ _ _ _ _ _
_ _ _ _ _ _ _ _ _ _ _ _ _ _ _ _
_ _ _ _ _ _ _ _ _ _ _ _ _ _ _ _
_ _ _ _ _ _ _ _ _ _ _ _ _ _ _ _


b w . . . . b . b . . b _ _ _ _
. . w w . w . b . . . b _ _ _ _
w w . . . b b w b . . b _ _ _ _
b b b b b b b b b b b _ _ _ _ _
_ _ _ _ _ _ _ _ _ _ _ _ _ _ _ _
_ _ _ _ _ _ _ _ _ _ _ _ _ _ _ _
_ _ _ _ _ _ _ _ _ _ _ _ _ _ _ _
_ _ _ _ _ _ _ _ _ _ _ _ _ _ _ _


b w . . b _ _ _ _ _ _ _ _ _ _ _
. . w w b _ _ _ _ _ _ _ _ _ _ _
. . . b b _ _ _ _ _ _ _ _ _ _ _
. . . b b _ _ _ _ _ _ _ _ _ _ _
b b b b _ _ _ _ _ _ _ _ _ _ _ _
_ _ _ _ _ _ _ _ _ _ _ _ _ _ _ _
_ _ _ _ _ _ _ _ _ _ _ _ _ _ _ _
_ _ _ _ _ _ _ _ _ _ _ _ _ _ _ _


. . . . w w w b . b _ _ _ _ _ _
. w b . w w . . b b _ _ _ _ _ _
. . b . b b . . b b _ _ _ _ _ _
w w w w . . . . w b _ _ _ _ _ _
w w . w b w . w . b _ _ _ _ _ _
w . . . b . w . . b _ _ _ _ _ _
b b b b b b b b b _ _ _ _ _ _ _
_ _ _ _ _ _ _ _ _ _ _ _ _ _ _ _


. w . . . w b b _ _ _ _ _ _ _ _
w . . . b b b b _ _ _ _ _ _ _ _
. . . . w b w b _ _ _ _ _ _ _ _
w w w . . b b b _ _ _ _ _ _ _ _
w . . . . b w b _ _ _ _ _ _ _ _
w w . w w . . b _ _ _ _ _ _ _ _
b b b b b b b _ _ _ _ _ _ _ _ _
_ _ _ _ _ _ _ _ _ _ _ _ _ _ _ _


. . . . . b w _ _ _ _ _ _ _ _ _
. . w b b b w _ _ _ _ _ _ _ _ _
b . w . b w w _ _ _ _ _ _ _ _ _
. b . b . . w _ _ _ _ _ _ _ _ _
w w w w w w _ _ _ _ _ _ _ _ _ _
_ _ _ _ _ _ _ _ _ _ _ _ _ _ _ _
_ _ _ _ _ _ _ _ _ _ _ _ _ _ _ _
_ _ _ _ _ _ _ _ _ _ _ _ _ _ _ _


. w w . . b b b b . . w _ _ _ _
. . . w . b . b . . . w _ _ _ _
w . . . b w b b b w b w _ _ _ _
. b b b w . . . w w w w _ _ _ _
w . . w . . b . w . . w _ _ _ _
w w w w w w w w w w w _ _ _ _ _
_ _ _ _ _ _ _ _ _ _ _ _ _ _ _ _
_ _ _ _ _ _ _ _ _ _ _ _ _ _ _ _


b w . . . . w w w _ _ _ _ _ _ _
. b . w w w b w w _ _ _ _ _ _ _
b . . . w . . b w _ _ _ _ _ _ _
w . b . w . . b w _ _ _ _ _ _ _
. . w b . . . w w _ _ _ _ _ _ _
. b . w . . . . w _ _ _ _ _ _ _
w w w w w w w w _ _ _ _ _ _ _ _
_ _ _ _ _ _ _ _ _ _ _ _ _ _ _ _


. . . . b w w w w . b _ _ _ _ _
b . . b b b w b w . b _ _ _ _ _
. . b . . . b b . w b _ _ _ _ _
w b w w . w . b w . b _ _ _ _ _
. b b b w . b w w . b _ _ _ _ _
. w w w b . . . . . b _ _ _ _ _
b b b b b b b b b b _ _ _ _ _ _
_ _ _ _ _ _ _ _ _ _ _ _ _ _ _ _


w b . . b _ _ _ _ _ _ _ _ _ _ _
b . b w b _ _ _ _ _ _ _ _ _ _ _
w b b w b _ _ _ _ _ _ _ _ _ _ _
b b b b _ _ _ _ _ _ _ _ _ _ _ _
_ _ _ _ _ _ _ _ _ _ _ _ _ _ _ _
_ _ _ _ _ _ _ _ _ _ _ _ _ _ _ _
_ _ _ _ _ _ _ _ _ _ _ _ _ _ _ _
_ _ _ _ _ _ _ _ _ _ _ _ _ _ _ _


b . . . . w _ _ _ _ _ _ _ _ _ _
w . . . . w _ _ _ _ _ _ _ _ _ _
w . . . w w _ _ _ _ _ _ _ _ _ _
b w . w . w _ _ _ _ _ _ _ _ _ _
b w . . . w _ _ _ _ _ _ _ _ _ _
w . . w w w _ _ _ _ _ _ _ _ _ _
w w w w w _ _ _ _ _ _ _ _ _ _ _
_ _ _ _ _ _ _ _ _ _ _ _ _ _ _ _


w . . . . b b . w . . b _ _ _ _
. . w . w . . . . w . b _ _ _ _
w w . b w w . w b w b b _ _ _ _
w b w w b . . . b b . b _ _ _ _
b b b b b b b b b b b _ _ _ _ _
_ _ _ _ _ _ _ _ _ _ _ _ _ _ _ _
_ _ _ _ _ _ _ _ _ _ _ _ _ _ _ _
_ _ _ _ _ _ _ _ _ _ _ _ _ _ _ _


w w . w . b . w b . w w _ _ _ _
. w w w b w . . . b b w _ _ _ _
. b w b . b b . w . . w _ _ _ _
. . b w . . . . . b . w _ _ _ _
. b w w . w . b w w b w _ _ _ _
b . . w w . . . . b . w _ _ _ _
w w w w w w w w w w w _ _ _ _ _
_ _ _ _ _ _ _ _ _ _ _ _ _ _ _ _


b . . w . . . . . w _ _ _ _ _ _
. w b . . w b b . w _ _ _ _ _ _
w w w w w w w w w _ _ _ _ _ _ _
_ _ _ _ _ _ _ _ _ _ _ _ _ _ _ _
_ _ _ _ _ _ _ _ _ _ _ _ _ _ _ _
_ _ _ _ _ _ _ _ _ _ _ _ _ _ _ _
_ _ _ _ _ _ _ _ _ _ _ _ _ _ _ _
_ _ _ _ _ _ _ _ _ _ _ _ _ _ _ _


. . . . b . . . b w . . b _ _ _
w . . . . . w . w w w b b _ _ _
w w w b . b w w w b . b b _ _ _
. . . w . b w . . b . w b _ _ _
w b w b w . . . b b w w b _ _ _
. . w w . w b b w . . . b _ _ _
b b b b b b b b b b b b _ _ _ _
_ _ _ _ _ _ _ _ _ _ _ _ _ _ _ _


. w w _ _ _ _ _ _ _ _ _ _ _ _ _
. . w _ _ _ _ _ _ _ _ _ _ _ _ _
. . w _ _ _ _ _ _ _ _ _ _ _ _ _
. . w _ _ _ _ _ _ _ _ _ _ _ _ _
w w _ _ _ _ _ _ _ _ _ _ _ _ _ _
_ _ _ _ _ _ _ _ _ _ _ _ _ _ _ _
_ _ _ _ _ _ _ _ _ _ _ _ _ _ _ _
_ _ _ _ _ _ _ _ _ _ _ _ _ _ _ _


. . w w b w w b _ _ _ _ _ _ _ _
b . w w . w b b _ _ _ _ _ _ _ _
. w w w b . . b _ _ _ _ _ _ _ _
b . . . . b w b _ _ _ _ _ _ _ _
b b b b b b b _ _ _ _ _ _ _ _ _
_ _ _ _ _ _ _ _ _ _ _ _ _ _ _ _
_ _ _ _ _ _ _ _ _ _ _ _ _ _ _ _
_ _ _ _ _ _ _ _ _ _ _ _ _ _ _ _


. w w . . w w . b _ _ _ _ _ _ _
b b . w b b . b b _ _ _ _ _ _ _
b b b b b b b b _ _ _ _ _ _ _ _
_ _ _ _ _ _ _ _ _ _ _ _ _ _ _ _
_ _ _ _ _ _ _ _ _ _ _ _ _ _ _ _
_ _ _ _ _ _ _ _ _ _ _ _ _ _ _ _
_ _ _ _ _ _ _ _ _ _ _ _ _ _ _ _
_ _ _ _ _ _ _ _ _ _ _ _ _ _ _ _


. . . . . b . b . . w b w . w _
b w . b w . . b . . w . w . w _
w w w w w w w w w w w w w w _ _
_ _ _ _ _ _ _ _ _ _ _ _ _ _ _ _
_ _ _ _ _ _ _ _ _ _ _ _ _ _ _ _
_ _ _ _ _ _ _ _ _ _ _ _ _ _ _ _
_ _ _ _ _ _ _ _ _ _ _ _ _ _ _ _
_ _ _ _ _ _ _ _ _ _ _ _ _ _ _ _


. . . w b _ _ _ _ _ _ _ _ _ _ _
. w . w b _ _ _ _ _ _ _ _ _ _ _
w b b . b _ _ _ _ _ _ _ _ _ _ _
. . . w b _ _ _ _ _ _ _ _ _ _ _
b b b b _ _ _ _ _ _ _ _ _ _ _ _
_ _ _ _ _ _ _ _ _ _ _ _ _ _ _ _
_ _ _ _ _ _ _ _ _ _ _ _ _ _ _ _
_ _ _ _ _ _ _ _ _ _ _ _ _ _ _ _


. b b w w . . b w . w _ _ _ _ _
w . . . . b . . w . w _ _ _ _ _
. . b b . . . . b . w _ _ _ _ _
. . . w w . b . . . w _ _ _ _ _
. b . w b . w . b . w _ _ _ _ _
w w w w w w w w w w _ _ _ _ _ _
_ _ _ _ _ _ _ _ _ _ _ _ _ _ _ _
_ _ _ _ _ _ _ _ _ _ _ _ _ _ _ _


w w w b . . b w . . . w _ _ _ _
b . b . . b b b b . b w _ _ _ _
w w w w w w w w w w w _ _ _ _ _
_ _ _ _ _ _ _ _ _ _ _ _ _ _ _ _
_ _ _ _ _ _ _ _ _ _ _ _ _ _ _ _
_ _ _ _ _ _ _ _ _ _ _ _ _ _ _ _
_ _ _ _ _ _ _ _ _ _ _ _ _ _ _ _
_ _ _ _ _ _ _ _ _ _ _ _ _ _ _ _


w w . . w . b . w w _ _ _ _ _ _
w b w . . w w b . w _ _ _ _ _ _
. w w b . . b b b w _ _ _ _ _ _
w w w w w w w w w _ _ _ _ _ _ _
_ _ _ _ _ _ _ _ _ _ _ _ _ _ _ _
_ _ _ _ _ _ _ _ _ _ _ _ _ _ _ _
_ _ _ _ _ _ _ _ _ _ _ _ _ _ _ _
_ _ _ _ _ _ _ _ _ _ _ _ _ _ _ _


w b w w . b w _ _ _ _ _ _ _ _ _
. w b b b b w _ _ _ _ _ _ _ _ _
. . b b . . w _ _ _ _ _ _ _ _ _
. . . b . . w _ _ _ _ _ _ _ _ _
. b b b b b w _ _ _ _ _ _ _ _ _
w . w b b . w _ _ _ _ _ _ _ _ _
w w w w w w _ _ _ _ _ _ _ _ _ _
_ _ _ _ _ _ _ _ _ _ _ _ _ _ _ _


b . . w _ _ _ _ _ _ _ _ _ _ _ _
. . . w _ _ _ _ _ _ _ _ _ _ _ _
w . b w _ _ _ _ _ _ _ _ _ _ _ _
w w w _ _ _ _ _ _ _ _ _ _ _ _ _
_ _ _ _ _ _ _ _ _ _ _ _ _ _ _ _
_ _ _ _ _ _ _ _ _ _ _ _ _ _ _ _
_ _ _ _ _ _ _ _ _ _ _ _ _ _ _ _
_ _ _ _ _ _ _ _ _ _ _ _ _ _ _ _


b . . . b . b w _ _ _ _ _ _ _ _
. w . w . . . w _ _ _ _ _ _ _ _
w w w w w w w _ _ _ _ _ _ _ _ _
_ _ _ _ _ _ _ _ _ _ _ _ _ _ _ _
_ _ _ _ _ _ _ _ _ _ _ _ _ _ _ _
_ _ _ _ _ _ _ _ _ _ _ _ _ _ _ _
_ _ _ _ _ _ _ _ _ _ _ _ _ _ _ _
_ _ _ _ _ _ _ _ _ _ _ _ _ _ _ _


. . w b . . w b b _ _ _ _ _ _ _
b w . b . . b . b _ _ _ _ _ _ _
. . . w . . . b b _ _ _ _ _ _ _
. w . . . b w b b _ _ _ _ _ _ _
b b b b b b b b _ _ _ _ _ _ _ _
_ _ _ _ _ _ _ _ _ _ _ _ _ _ _ _
_ _ _ _ _ _ _ _ _ _ _ _ _ _ _ _
_ _ _ _ _ _ _ _ _ _ _ _ _ _ _ _


b . . . . . . w w _ _ _ _ _ _ _
w . . b b . . b w _ _ _ _ _ _ _
b . w . . w . . w _ _ _ _ _ _ _
. . . b b . w . w _ _ _ _ _ _ _
. . b w b . b . w _ _ _ _ _ _ _
. b b . w . b b w _ _ _ _ _ _ _
w w w w w w w w _ _ _ _ _ _ _ _
_ _ _ _ _ _ _ _ _ _ _ _ _ _ _ _


b . . . . . . . b w w _ _ _ _ _
. w . w . w b . b . w _ _ _ _ _
w w w w w w w w w w _ _ _ _ _ _
_ _ _ _ _ _ _ _ _ _ _ _ _ _ _ _
_ _ _ _ _ _ _ _ _ _ _ _ _ _ _ _
_ _ _ _ _ _ _ _ _ _ _ _ _ _ _ _
_ _ _ _ _ _ _ _ _ _ _ _ _ _ _ _
_ _ _ _ _ _ _ _ _ _ _ _ _ _ _ _


w b w . . . b b _ _ _ _ _ _ _ _
b w w . w . . b _ _ _ _ _ _ _ _
w . . w . . . b _ _ _ _ _ _ _ _
w b . b . w b b _ _ _ _ _ _ _ _
b . b b b . . b _ _ _ _ _ _ _ _
b b b b b b b _ _ _ _ _ _ _ _ _
_ _ _ _ _ _ _ _ _ _ _ _ _ _ _ _
_ _ _ _ _ _ _ _ _ _ _ _ _ _ _ _


. . w w _ _ _ _ _ _ _ _ _ _ _ _
b . w w _ _ _ _ _ _ _ _ _ _ _ _
. . . w _ _ _ _ _ _ _ _ _ _ _ _
w . w w _ _ _ _ _ _ _ _ _ _ _ _
b b w w _ _ _ _ _ _ _ _ _ _ _ _
w w w _ _ _ _ _ _ _ _ _ _ _ _ _
_ _ _ _ _ _ _ _ _ _ _ _ _ _ _ _
_ _ _ _ _ _ _ _ _ _ _ _ _ _ _ _


. . . . . b . b _ _ _ _ _ _ _ _
. w w . b . . b _ _ _ _ _ _ _ _
b b w . . b . b _ _ _ _ _ _ _ _
. . . w . w . b _ _ _ _ _ _ _ _
b b b b b b b _ _ _ _ _ _ _ _ _
_ _ _ _ _ _ _ _ _ _ _ _ _ _ _ _
_ _ _ _ _ _ _ _ _ _ _ _ _ _ _ _
_ _ _ _ _ _ _ _ _ _ _ _ _ _ _ _



