---
source: src/generation/candidate/boundary.rs
expression: snapshot
---
_ _ _ _ _ b b . . . . . b b _ _
_ _ _ _ _ b . . . . . . . b _ _
_ _ _ _ _ b . . . . . . . b _ _
_ _ _ _ _ b . . . . . . b b _ _
_ _ _ _ b b . . b b b b b _ _ _
_ _ _ _ b . . b b _ _ _ _ _ _ _
_ _ _ _ b b b b _ _ _ _ _ _ _ _
_ _ _ _ _ _ _ _ _ _ _ _ _ _ _ _


_ _ _ _ _ _ _ _ _ b b . . . . .
_ _ _ _ _ _ _ _ b b . . . . . .
_ _ _ _ _ _ _ _ b . . . . . . .
_ _ _ _ _ _ _ _ b . . . . . . .
_ _ _ _ _ _ _ _ b b b b . b . b
_ _ _ _ _ _ _ _ _ _ _ b b b b b
_ _ _ _ _ _ _ _ _ _ _ _ _ _ _ _
_ _ _ _ _ _ _ _ _ _ _ _ _ _ _ _


b b b _ _ _ _ _ _ _ _ _ _ _ _ _
. . b _ _ _ _ _ _ _ _ _ _ _ _ _
. . b b _ _ _ _ _ _ _ _ _ _ _ _
. . . b b _ _ _ _ _ _ _ _ _ _ _
b b . . b _ _ _ _ _ _ _ _ _ _ _
_ b . . b _ _ _ _ _ _ _ _ _ _ _
_ b b b b _ _ _ _ _ _ _ _ _ _ _
_ _ _ _ _ _ _ _ _ _ _ _ _ _ _ _


_ _ _ _ _ _ _ _ _ _ _ _ _ _ _ _
_ _ _ _ _ _ _ _ _ _ _ _ _ _ _ _
_ _ _ _ _ _ _ _ _ _ _ _ _ _ b b
_ _ _ _ _ _ _ _ _ _ _ _ b b b .
_ _ _ _ _ _ _ _ _ _ _ _ b . b .
_ _ _ _ _ _ _ _ _ _ _ _ b . . .
_ _ _ _ _ _ _ _ _ _ _ _ b b . .
_ _ _ _ _ _ _ _ _ _ _ _ b . . .


_ _ _ _ _ _ _ _ _ _ _ _ _ _ _ _
b b b _ _ _ _ _ _ _ _ _ _ _ _ _
b . b b _ _ _ _ _ _ _ _ _ _ _ _
b . . b _ _ _ _ _ _ _ _ _ _ _ _
. . . b b _ _ _ _ _ _ _ _ _ _ _
. . . . b _ _ _ _ _ _ _ _ _ _ _
. . . b b _ _ _ _ _ _ _ _ _ _ _
. . . b _ _ _ _ _ _ _ _ _ _ _ _


_ _ _ _ _ b . . . b b b _ _ _ _
_ _ _ _ _ b . . . . . b _ _ _ _
_ _ _ _ _ b b b b . . b b b _ _
_ _ _ _ _ b . . . . . . . b _ _
_ _ _ _ _ b b . . . . . . b _ _
_ _ _ _ _ _ b b b . . b b b _ _
_ _ _ _ _ _ _ _ b b b b _ _ _ _
_ _ _ _ _ _ _ _ _ _ _ _ _ _ _ _


_ _ _ _ _ _ _ _ _ _ b b b b b b
_ _ _ _ _ _ _ _ _ _ b . b . b .
_ _ _ _ _ _ _ _ _ _ b . . . . .
_ _ _ _ _ _ b b b b b . . . . .
_ _ _ _ _ _ b . . . . . . . . .
_ _ _ _ _ _ b b b b . . b b . .
_ _ _ _ _ _ _ _ _ b b b b b . .
_ _ _ _ _ _ _ _ _ _ _ _ _ b b b


_ _ _ _ _ _ _ _ _ _ _ _ _ _ _ _
_ _ _ _ _ _ _ _ _ _ _ _ _ _ _ _
_ b b b b b _ _ _ _ _ _ _ _ _ _
_ b . . . b b b _ _ _ _ _ _ _ _
_ b . . . . . b _ _ _ _ _ _ _ _
_ b b b . . . b _ _ _ _ _ _ _ _
_ _ b . . . b b _ _ _ _ _ _ _ _
_ _ b . . . . b _ _ _ _ _ _ _ _


_ _ _ _ _ _ _ _ _ _ _ _ _ _ _ _
_ _ _ _ _ _ _ _ _ _ _ _ _ _ _ _
_ _ _ b b b b b _ _ _ _ _ _ _ _
_ b b b . . . b b _ _ _ _ _ _ _
_ b . . . . . . b b _ _ _ _ _ _
_ b . . . . . . . b _ _ _ _ _ _
_ b b . . . . . . b _ _ _ _ _ _
_ _ b . . . . . b b _ _ _ _ _ _


_ _ b b b _ _ _ _ _ _ _ _ _ _ _
_ b b . b b b _ _ _ _ _ _ _ _ _
b b . . . . b _ _ _ _ _ _ _ _ _
b . . . . . b _ _ _ _ _ _ _ _ _
b . . . . b b _ _ _ _ _ _ _ _ _
. . . b b b _ _ _ _ _ _ _ _ _ _
. . . b _ _ _ _ _ _ _ _ _ _ _ _
b b b b _ _ _ _ _ _ _ _ _ _ _ _


_ _ _ _ _ _ b . . . . . b b _ _
_ _ _ _ _ b b . . . . . . b _ _
_ _ _ _ b b . . . . b . b b _ _
_ _ _ _ b . . . b b b . b _ _ _
_ _ _ _ b b b b b _ b b b _ _ _
_ _ _ _ _ _ _ _ _ _ _ _ _ _ _ _
_ _ _ _ _ _ _ _ _ _ _ _ _ _ _ _
_ _ _ _ _ _ _ _ _ _ _ _ _ _ _ _


_ _ _ _ _ _ _ _ _ _ _ _ _ _ _ _
_ _ _ _ _ _ _ _ _ _ _ _ _ _ _ _
_ _ _ _ b b b b _ _ _ _ _ _ _ _
_ _ _ _ b . . b b b b _ _ _ _ _
_ b b b b . . . . . b _ _ _ _ _
_ b . . b . . . . . b _ _ _ _ _
_ b . . . . . . . b b b b _ _ _
_ b b b . . . . . . . . b _ _ _


_ _ _ _ _ _ _ _ _ _ _ _ _ _ _ _
_ _ _ _ _ _ _ _ _ _ _ _ _ _ _ _
b b b b b b b _ _ _ _ _ _ _ _ _
b . . . b . b _ _ _ _ _ _ _ _ _
b . . . . . b _ _ _ _ _ _ _ _ _
b . . . . b b _ _ _ _ _ _ _ _ _
b b b b . b _ _ _ _ _ _ _ _ _ _
_ _ _ b . b _ _ _ _ _ _ _ _ _ _


_ _ _ _ _ _ _ _ _ _ _ _ _ _ _ _
_ _ _ _ _ _ _ _ _ _ _ _ _ _ _ _
_ _ _ b b b b _ _ _ _ _ _ _ _ _
_ _ _ b . . b b _ _ _ _ _ _ _ _
_ _ b b . . . b b _ _ _ _ _ _ _
b b b . . . . . b b _ _ _ _ _ _
b . . . . . . . . b _ _ _ _ _ _
b . . . . . . . b b _ _ _ _ _ _


_ _ _ _ _ _ _ _ _ _ _ _ _ _ _ _
_ _ _ _ _ _ _ _ _ _ b b b _ _ _
_ _ _ _ _ _ _ _ _ _ b . b _ _ _
_ _ _ _ _ _ _ _ _ _ b . b b b _
_ _ _ _ _ _ _ _ _ _ b . b . b b
_ _ _ _ _ _ _ _ _ _ b . . . . b
_ _ _ _ _ _ _ _ _ _ b . . . b b
_ _ _ _ _ _ _ _ _ _ b . . . b _


. . . . b _ _ _ _ _ _ _ _ _ _ _
. . . . b b _ _ _ _ _ _ _ _ _ _
. . . . . b _ _ _ _ _ _ _ _ _ _
. . . . . b _ _ _ _ _ _ _ _ _ _
. . . . . b _ _ _ _ _ _ _ _ _ _
b . . . . b _ _ _ _ _ _ _ _ _ _
b b . . b b _ _ _ _ _ _ _ _ _ _
_ b b b b _ _ _ _ _ _ _ _ _ _ _


_ _ _ _ _ _ _ _ _ _ _ _ _ _ _ _
_ _ _ _ b b b b _ _ _ _ _ _ _ _
_ _ _ b b . . b _ _ _ _ _ _ _ _
_ b b b . . . b b _ _ _ _ _ _ _
_ b . . . . . . b _ _ _ _ _ _ _
_ b . . . . . b b _ _ _ _ _ _ _
_ b b . b b b b _ _ _ _ _ _ _ _
_ _ b . b _ _ _ _ _ _ _ _ _ _ _


. . . . . b b _ _ _ _ _ _ _ _ _
. . . . . . b _ _ _ _ _ _ _ _ _
. . . . . . b _ _ _ _ _ _ _ _ _
. . . . . . b _ _ _ _ _ _ _ _ _
b b b . b b b _ _ _ _ _ _ _ _ _
_ _ b b b _ _ _ _ _ _ _ _ _ _ _
_ _ _ _ _ _ _ _ _ _ _ _ _ _ _ _
_ _ _ _ _ _ _ _ _ _ _ _ _ _ _ _


_ _ _ _ _ _ _ _ _ b b b b b . .
_ _ _ _ _ _ _ _ b b . . . . . .
_ _ _ _ _ _ _ _ b . . . . . . .
_ _ _ _ _ _ _ _ b b . . . . . .
_ _ _ _ _ _ _ _ _ b b b . . . .
_ _ _ _ _ _ _ _ _ _ _ b . b b .
_ _ _ _ _ _ _ _ _ _ _ b b b b b
_ _ _ _ _ _ _ _ _ _ _ _ _ _ _ _


. . . . . . . . b _ _ _ _ _ _ _
. . . . . . . b b _ _ _ _ _ _ _
. . . . . b . b _ _ _ _ _ _ _ _
. . . b b b b b _ _ _ _ _ _ _ _
. b b b _ _ _ _ _ _ _ _ _ _ _ _
b b _ _ _ _ _ _ _ _ _ _ _ _ _ _
_ _ _ _ _ _ _ _ _ _ _ _ _ _ _ _
_ _ _ _ _ _ _ _ _ _ _ _ _ _ _ _


. . . . . . . . b _ _ _ _ _ _ _
b . . . . b . . b _ _ _ _ _ _ _
b b . . . b . . b _ _ _ _ _ _ _
_ b . . . b . . b _ _ _ _ _ _ _
_ b b . b b b b b _ _ _ _ _ _ _
_ _ b b b _ _ _ _ _ _ _ _ _ _ _
_ _ _ _ _ _ _ _ _ _ _ _ _ _ _ _
_ _ _ _ _ _ _ _ _ _ _ _ _ _ _ _


_ _ _ _ _ _ _ _ _ _ _ _ _ _ _ _
b b b _ _ _ _ _ _ _ _ _ _ _ _ _
. . b b _ _ _ _ _ _ _ _ _ _ _ _
. . . b _ _ _ _ _ _ _ _ _ _ _ _
. . b b _ _ _ _ _ _ _ _ _ _ _ _
. . . b b _ _ _ _ _ _ _ _ _ _ _
. . . . b _ _ _ _ _ _ _ _ _ _ _
. . b b b _ _ _ _ _ _ _ _ _ _ _


_ b b b b _ _ _ _ _ _ _ _ _ _ _
b b . . b _ _ _ _ _ _ _ _ _ _ _
. . . . b _ _ _ _ _ _ _ _ _ _ _
. . . . b b _ _ _ _ _ _ _ _ _ _
. . . . . b _ _ _ _ _ _ _ _ _ _
. . . . . b _ _ _ _ _ _ _ _ _ _
. . b . . b _ _ _ _ _ _ _ _ _ _
. . b b b b _ _ _ _ _ _ _ _ _ _


_ _ _ _ _ _ _ _ _ _ _ _ _ _ _ _
_ _ _ _ _ _ _ _ _ _ _ _ _ _ _ _
_ _ _ _ _ _ _ _ _ _ _ _ _ _ _ _
_ _ _ _ _ _ _ _ _ b b b b b b b
_ _ _ _ _ _ _ _ b b . . . b . b
_ _ _ _ _ _ _ b b . . . . . . b
_ _ _ _ _ _ _ b . . . . . . b b
_ _ _ _ _ _ _ b . . . . . b b _


_ _ b . . . . . . b _ _ _ _ _ _
_ _ b . . . . . . b _ _ _ _ _ _
_ _ b b b b . . b b _ _ _ _ _ _
_ _ _ _ _ b . . . b _ _ _ _ _ _
_ _ _ _ _ b . b . b _ _ _ _ _ _
_ _ _ _ _ b . b b b _ _ _ _ _ _
_ _ _ _ _ b b b _ _ _ _ _ _ _ _
_ _ _ _ _ _ _ _ _ _ _ _ _ _ _ _


_ _ _ b . . b b b b b b _ _ _ _
_ _ _ b . . . . . . . b _ _ _ _
_ _ b b . . . . . . . b _ _ _ _
_ _ b . . . . . . b b b _ _ _ _
_ _ b b b b . b b b _ _ _ _ _ _
_ _ _ b . . . b _ _ _ _ _ _ _ _
_ _ _ b . . b b _ _ _ _ _ _ _ _
_ _ _ b b b b _ _ _ _ _ _ _ _ _


. . . . . . b _ _ _ _ _ _ _ _ _
. . . . . b b b _ _ _ _ _ _ _ _
. . . . . . . b b b b _ _ _ _ _
. . . . . b . . . . b _ _ _ _ _
b b . . b b . b b b b _ _ _ _ _
_ b b b b b b b _ _ _ _ _ _ _ _
_ _ _ _ _ _ _ _ _ _ _ _ _ _ _ _
_ _ _ _ _ _ _ _ _ _ _ _ _ _ _ _


_ _ _ _ _ _ b b b b _ _ _ _ _ _
_ _ _ _ _ _ b . . b _ _ _ _ _ _
_ _ _ _ _ _ b . . b b _ _ _ _ _
_ _ _ _ _ _ b . . . b b _ _ _ _
_ _ _ _ _ b b b . . . b _ _ _ _
_ _ _ _ _ b . . . . b b _ _ _ _
_ _ _ _ _ b . . . . b _ _ _ _ _
_ _ _ _ _ b b b b b b _ _ _ _ _


_ _ _ _ _ _ _ _ _ _ _ _ _ _ _ _
_ _ _ _ _ _ _ _ _ _ _ _ _ _ _ _
_ _ _ _ _ _ _ _ _ _ _ _ _ _ _ _
_ b b b b _ _ _ _ _ _ _ _ _ _ _
b b . . b b b _ _ _ _ _ _ _ _ _
b . . . . . b b _ _ _ _ _ _ _ _
b b . . . . . b b _ _ _ _ _ _ _
_ b . . . . . . b _ _ _ _ _ _ _


_ _ b b b b b _ _ _ _ _ _ _ _ _
b b b . . . b b _ _ _ _ _ _ _ _
b . . . . . . b _ _ _ _ _ _ _ _
. . . . . . . b _ _ _ _ _ _ _ _
. . . . . . . b _ _ _ _ _ _ _ _
. . . . . . b b _ _ _ _ _ _ _ _
. . . . . . b _ _ _ _ _ _ _ _ _
. . . . . . b _ _ _ _ _ _ _ _ _


_ _ _ _ _ _ _ _ _ b . . . . . .
_ _ _ _ _ _ _ _ _ b b . . . . .
_ _ _ _ _ _ _ _ _ _ b b b . . .
_ _ _ _ _ _ _ _ _ _ _ _ b b b b
_ _ _ _ _ _ _ _ _ _ _ _ _ _ _ _
_ _ _ _ _ _ _ _ _ _ _ _ _ _ _ _
_ _ _ _ _ _ _ _ _ _ _ _ _ _ _ _
_ _ _ _ _ _ _ _ _ _ _ _ _ _ _ _


_ _ _ _ _ _ _ _ _ _ _ _ _ _ _ _
_ _ b b b _ _ _ _ _ _ _ _ _ _ _
_ _ b . b b b b b b _ _ _ _ _ _
_ _ b . . . . . . b _ _ _ _ _ _
_ _ b . . . . . . b b _ _ _ _ _
_ _ b b . . . . . . b _ _ _ _ _
_ _ b . . . . . . b b _ _ _ _ _
_ _ b . . . . . b b _ _ _ _ _ _


_ _ _ _ _ b b b b _ _ _ _ _ _ _
_ _ _ _ _ b . . b b _ _ _ _ _ _
_ _ _ _ _ b . . . b b b _ _ _ _
_ _ _ _ _ b b . . . . b _ _ _ _
_ _ _ _ _ b b . . . . b _ _ _ _
_ _ _ _ _ b . . . . . b _ _ _ _
_ _ _ _ _ b b . . b b b _ _ _ _
_ _ _ _ _ _ b b b b _ _ _ _ _ _


_ _ _ _ _ _ _ _ _ _ _ _ _ _ _ _
_ _ _ _ _ _ _ _ _ b b b _ _ _ _
_ _ _ _ _ _ _ _ _ b . b b _ _ _
_ _ _ _ _ _ _ _ b b . . b b _ _
_ _ _ _ _ _ _ _ b . . . . b b _
_ _ _ _ _ _ _ b b b . . . . b b
_ _ _ _ _ _ _ b . . . . . . . .
_ _ _ _ _ _ _ b b . . . . . . .


b . . . . . b _ _ _ _ _ _ _ _ _
b b . . . . b b _ _ _ _ _ _ _ _
_ b b . . . . b _ _ _ _ _ _ _ _
_ _ b b . b b b _ _ _ _ _ _ _ _
_ _ _ b b b _ _ _ _ _ _ _ _ _ _
_ _ _ _ _ _ _ _ _ _ _ _ _ _ _ _
_ _ _ _ _ _ _ _ _ _ _ _ _ _ _ _
_ _ _ _ _ _ _ _ _ _ _ _ _ _ _ _


_ _ _ _ _ _ _ _ b b . . . . . .
_ _ _ _ _ _ _ _ b . . . . . . .
_ _ _ _ _ _ _ _ b b b . . . . .
_ _ _ _ _ _ _ _ _ _ b b b . . .
_ _ _ _ _ _ _ _ _ _ _ _ b b b b
_ _ _ _ _ _ _ _ _ _ _ _ _ _ _ _
_ _ _ _ _ _ _ _ _ _ _ _ _ _ _ _
_ _ _ _ _ _ _ _ _ _ _ _ _ _ _ _


. . . . . . b _ _ _ _ _ _ _ _ _
. . . . . b b _ _ _ _ _ _ _ _ _
. . . . . . b _ _ _ _ _ _ _ _ _
. . . . b b b _ _ _ _ _ _ _ _ _
. . b b b _ _ _ _ _ _ _ _ _ _ _
. . b b _ _ _ _ _ _ _ _ _ _ _ _
. . . b _ _ _ _ _ _ _ _ _ _ _ _
b b b b _ _ _ _ _ _ _ _ _ _ _ _


_ _ _ _ _ _ _ _ _ _ _ _ _ _ _ _
_ _ _ _ _ _ _ _ _ _ _ _ _ _ _ _
_ _ _ _ _ _ _ _ _ _ _ _ _ _ _ _
_ _ _ b b b _ _ _ _ _ _ _ _ _ _
_ _ b b . b b b b b _ _ _ _ _ _
_ b b . . . . . . b b b _ _ _ _
_ b . . . . . . . . . b _ _ _ _
_ b b . . . . . . . . b _ _ _ _


_ _ _ _ _ _ _ _ _ _ _ _ _ _ _ _
_ _ _ _ _ _ _ _ _ _ _ _ _ _ _ _
_ b b b b _ _ _ _ _ _ _ _ _ _ _
b b . . b b b _ _ _ _ _ _ _ _ _
. . . . b . b _ _ _ _ _ _ _ _ _
. . . . . . b b _ _ _ _ _ _ _ _
. . . . . . . b _ _ _ _ _ _ _ _
. . . . . . . b _ _ _ _ _ _ _ _


_ _ b b b b b _ b . . b _ _ _ _
_ _ b . . . b b b . b b _ _ _ _
_ _ b b . . . . . . . b _ _ _ _
_ _ _ b . . . . . . b b _ _ _ _
_ _ _ b b . . . . . b _ _ _ _ _
_ _ _ _ b . b b b b b _ _ _ _ _
_ _ _ _ b b b _ _ _ _ _ _ _ _ _
_ _ _ _ _ _ _ _ _ _ _ _ _ _ _ _


_ _ _ _ _ _ _ _ _ _ _ _ _ _ _ _
_ _ _ _ _ _ _ _ _ _ _ _ _ _ _ _
_ _ _ _ _ _ _ _ _ _ _ _ _ _ _ _
_ _ _ _ _ _ _ _ _ _ _ _ _ _ _ _
_ _ _ _ _ _ _ _ b b b b b b b b
_ _ _ _ _ _ _ _ b . . . . . . b
_ _ _ _ _ _ _ _ b b . . . . . .
_ _ _ _ _ _ _ _ _ b . . . . . .


_ _ _ _ _ _ _ _ _ _ _ _ _ _ _ _
_ _ _ b b b _ _ _ _ _ _ _ _ _ _
_ _ _ b . b _ _ _ _ _ _ _ _ _ _
b b b b . b b _ _ _ _ _ _ _ _ _
. b . . . . b b _ _ _ _ _ _ _ _
. . . . . . . b _ _ _ _ _ _ _ _
. . . . . . . b _ _ _ _ _ _ _ _
. . . . . . b b _ _ _ _ _ _ _ _


. . . b _ _ _ _ _ _ _ _ _ _ _ _
. . . b b _ _ _ _ _ _ _ _ _ _ _
. . . . b _ _ _ _ _ _ _ _ _ _ _
. . . . b _ _ _ _ _ _ _ _ _ _ _
. . . b b _ _ _ _ _ _ _ _ _ _ _
b b . . b _ _ _ _ _ _ _ _ _ _ _
_ b b . b _ _ _ _ _ _ _ _ _ _ _
_ _ b b b _ _ _ _ _ _ _ _ _ _ _


_ _ _ _ _ _ _ _ _ _ _ _ _ _ _ _
_ _ _ _ _ _ _ _ _ _ _ _ _ _ b b
_ _ _ _ _ _ _ _ _ b b b b b b .
_ _ _ _ _ _ _ _ _ b . b . . . .
_ _ _ _ _ _ _ _ _ b . . . . . .
_ _ _ _ _ _ _ _ _ b b . . . . .
_ _ _ _ _ _ _ _ _ _ b b . . . .
_ _ _ _ _ _ _ _ _ _ _ b . . . .


_ _ _ _ _ b . . . . b b b b _ _
_ _ _ _ _ b b . . . . . . b _ _
_ _ _ _ _ _ b b . . . . b b _ _
_ _ _ _ _ _ _ b b . . b b _ _ _
_ _ _ _ _ _ _ _ b b b b _ _ _ _
_ _ _ _ _ _ _ _ _ _ _ _ _ _ _ _
_ _ _ _ _ _ _ _ _ _ _ _ _ _ _ _
_ _ _ _ _ _ _ _ _ _ _ _ _ _ _ _


_ _ _ b b b _ _ _ _ _ _ _ _ _ _
b b b b . b _ _ _ _ _ _ _ _ _ _
b . b . . b _ _ _ _ _ _ _ _ _ _
b . . . . b _ _ _ _ _ _ _ _ _ _
b . . . . b b b b b _ _ _ _ _ _
b . . . . . . . . b _ _ _ _ _ _
. . . . . . b b b b _ _ _ _ _ _
. . . . b b b _ _ _ _ _ _ _ _ _


_ _ _ _ _ _ _ _ b . . . . . . .
_ _ _ _ _ _ _ _ b b b . . . . .
_ _ _ _ _ _ _ _ _ b b b . . . .
_ _ _ _ _ _ _ _ _ b . . . . . b
_ _ _ _ _ _ _ _ _ b b b . . . b
_ _ _ _ _ _ _ _ _ _ _ b . b b b
_ _ _ _ _ _ _ _ _ _ _ b b b _ _
_ _ _ _ _ _ _ _ _ _ _ _ _ _ _ _


_ _ _ _ _ _ _ _ _ b . . . . . .
_ _ _ _ _ _ _ _ _ b . . . . . .
_ _ _ _ _ _ _ _ _ b . . . . . .
_ _ _ _ _ _ _ _ _ b b . . b . .
_ _ _ _ _ _ _ _ _ _ b b . b b .
_ _ _ _ _ _ _ _ _ _ b . . b b b
_ _ _ _ _ _ _ _ _ _ b b b b _ _
_ _ _ _ _ _ _ _ _ _ _ _ _ _ _ _


_ _ _ _ _ _ b . . . . . . b _ _
_ _ _ _ _ _ b . . . . . . b _ _
_ _ _ _ _ _ b b b . . . . b _ _
_ _ _ _ _ _ _ _ b b . b b b _ _
_ _ _ _ _ _ _ _ _ b . . b _ _ _
_ _ _ _ _ _ _ _ _ b b b b _ _ _
_ _ _ _ _ _ _ _ _ _ _ _ _ _ _ _
_ _ _ _ _ _ _ _ _ _ _ _ _ _ _ _


. . . . . . . b _ _ _ _ _ _ _ _
. . . . . b b b _ _ _ _ _ _ _ _
. . . . . b b _ _ _ _ _ _ _ _ _
. . b b . . b _ _ _ _ _ _ _ _ _
b b b b b b b _ _ _ _ _ _ _ _ _
_ _ _ _ _ _ _ _ _ _ _ _ _ _ _ _
_ _ _ _ _ _ _ _ _ _ _ _ _ _ _ _
_ _ _ _ _ _ _ _ _ _ _ _ _ _ _ _


_ _ _ _ _ _ _ _ _ _ _ _ _ _ _ _
_ _ _ _ _ _ _ _ _ _ _ _ _ _ _ _
_ _ _ _ _ _ _ _ _ _ _ _ _ _ _ _
b b b _ _ _ _ _ _ _ _ _ _ _ _ _
. . b b b b b _ _ _ _ _ _ _ _ _
. . . . . . b _ _ _ _ _ _ _ _ _
. . . . b b b _ _ _ _ _ _ _ _ _
. . . . . b _ _ _ _ _ _ _ _ _ _


_ _ _ _ _ _ _ _ _ _ _ _ _ _ _ _
b b b _ _ _ _ _ _ _ _ _ _ _ _ _
. . b b _ _ _ _ _ _ _ _ _ _ _ _
. . . b b b _ _ _ _ _ _ _ _ _ _
. . . . . b _ _ _ _ _ _ _ _ _ _
. . . . b b _ _ _ _ _ _ _ _ _ _
. . . . b _ _ _ _ _ _ _ _ _ _ _
. . . b b _ _ _ _ _ _ _ _ _ _ _


_ _ _ _ _ _ b . . b b b b _ _ _
_ _ _ _ _ _ b . . . . . b b _ _
_ _ _ _ _ _ b . . . . . . b _ _
_ _ _ _ _ _ b . . . . . b b _ _
_ _ _ _ _ _ b b . b b b b _ _ _
_ _ _ _ _ _ _ b b b _ _ _ _ _ _
_ _ _ _ _ _ _ _ _ _ _ _ _ _ _ _
_ _ _ _ _ _ _ _ _ _ _ _ _ _ _ _


_ _ _ _ _ _ _ _ b b b b b b _ _
_ _ _ _ _ _ _ _ b . . . . b b _
_ _ _ _ _ _ _ _ b . . . . . b _
_ _ _ _ _ b b b b . . . b . b _
_ _ _ _ _ b . . b . . b b b b _
_ _ _ _ _ b . . . . . . . b _ _
_ _ _ _ _ b b . . . . . b b _ _
_ _ _ _ _ _ b b . . . . b _ _ _


_ _ _ b . b b b b b _ _ _ _ _ _
_ _ _ b . . b b . b _ _ _ _ _ _
_ _ _ b . . . . . b b _ _ _ _ _
_ _ _ b . . . . . . b _ _ _ _ _
_ _ _ b . . . . . b b _ _ _ _ _
_ _ _ b b b . . . b _ _ _ _ _ _
_ _ _ _ _ b . . b b _ _ _ _ _ _
_ _ _ _ _ b b b b _ _ _ _ _ _ _


_ _ _ _ _ _ _ _ _ _ _ _ _ _ _ _
_ _ _ _ _ _ _ _ _ _ _ _ _ _ _ _
_ _ _ _ _ _ _ _ _ _ _ _ b b b b
_ _ _ _ _ _ _ _ _ _ _ _ b . . b
_ _ _ _ _ _ _ _ b b b b b . . .
_ _ _ _ _ _ _ _ b . . b . . . .
_ _ _ _ _ _ _ _ b . . . . . . .
_ _ _ _ _ _ _ _ b b . . . . . .


_ b b b b b _ _ _ _ _ _ _ _ _ _
_ b . . . b _ _ _ _ _ _ _ _ _ _
_ b . . b b _ _ _ _ _ _ _ _ _ _
b b . . b b _ _ _ _ _ _ _ _ _ _
b . . . . b _ _ _ _ _ _ _ _ _ _
. . . . b b _ _ _ _ _ _ _ _ _ _
. . . . b _ _ _ _ _ _ _ _ _ _ _
. . . b b _ _ _ _ _ _ _ _ _ _ _


. . . . . b _ _ _ _ _ _ _ _ _ _
. . . . b b b _ _ _ _ _ _ _ _ _
. . . . . . b _ _ _ _ _ _ _ _ _
. . . . . . b _ _ _ _ _ _ _ _ _
b b . b b b b _ _ _ _ _ _ _ _ _
b . . b _ _ _ _ _ _ _ _ _ _ _ _
b b b b _ _ _ _ _ _ _ _ _ _ _ _
_ _ _ _ _ _ _ _ _ _ _ _ _ _ _ _


_ b . . . . . . . . b _ _ _ _ _
_ b b . . . . . . . b _ _ _ _ _
_ b . . . . . . . . b _ _ _ _ _
_ b b b . . . b . b b _ _ _ _ _
_ _ _ b b b b b b b _ _ _ _ _ _
_ _ _ _ _ _ _ _ _ _ _ _ _ _ _ _
_ _ _ _ _ _ _ _ _ _ _ _ _ _ _ _
_ _ _ _ _ _ _ _ _ _ _ _ _ _ _ _


_ _ _ _ b . b b b _ _ _ _ _ _ _
_ _ _ _ b . . . b b _ _ _ _ _ _
_ _ _ _ b b . . . b _ _ _ _ _ _
_ _ _ _ b . . . . b _ _ _ _ _ _
_ _ _ _ b b . . . b _ _ _ _ _ _
_ _ _ _ _ b b b b b _ _ _ _ _ _
_ _ _ _ _ _ _ _ _ _ _ _ _ _ _ _
_ _ _ _ _ _ _ _ _ _ _ _ _ _ _ _


_ _ _ _ _ _ _ _ _ _ _ _ _ _ _ _
_ _ _ _ _ _ _ _ _ _ _ _ _ _ _ _
_ _ _ _ _ _ _ _ _ _ b b b _ _ _
_ _ _ _ _ _ _ _ _ b b . b b _ _
_ _ _ _ _ _ _ _ _ b . . . b _ _
_ _ _ _ _ _ _ _ b b . . . b _ _
_ _ _ _ _ _ _ _ b . . . b b _ _
_ _ _ _ _ _ _ _ b . . . b _ _ _


_ _ _ _ _ _ _ _ _ _ _ _ _ _ _ _
_ _ _ _ _ _ _ _ _ _ _ _ _ _ _ _
_ _ _ _ _ _ _ _ _ _ _ _ _ _ _ _
b b b b b _ _ _ _ _ _ _ _ _ _ _
. . . . b _ _ _ _ _ _ _ _ _ _ _
. . . . b b _ _ _ _ _ _ _ _ _ _
b . . . . b _ _ _ _ _ _ _ _ _ _
b b b b b b _ _ _ _ _ _ _ _ _ _


_ _ _ _ _ _ _ _ _ _ _ _ _ b b b
_ _ _ _ _ _ _ _ _ _ _ _ b b . b
_ _ _ _ _ _ _ _ _ _ _ _ b . . .
_ _ _ _ _ _ _ _ _ _ _ _ b . . .
_ _ _ _ _ _ _ _ _ _ _ _ b . . .
_ _ _ _ _ _ _ _ _ _ _ _ b . . .
_ _ _ _ _ _ _ _ _ _ _ _ b b . .
_ _ _ _ _ _ _ _ _ _ _ _ _ b b b


_ _ _ _ _ _ _ b b . . . . b _ _
_ _ _ _ _ _ _ b . . . . . b _ _
_ _ _ _ _ _ _ b b b . . . b _ _
_ _ _ _ _ _ _ _ _ b b b b b _ _
_ _ _ _ _ _ _ _ _ _ _ _ _ _ _ _
_ _ _ _ _ _ _ _ _ _ _ _ _ _ _ _
_ _ _ _ _ _ _ _ _ _ _ _ _ _ _ _
_ _ _ _ _ _ _ _ _ _ _ _ _ _ _ _


. . . . b b _ _ _ _ _ _ _ _ _ _
. . . . . b _ _ _ _ _ _ _ _ _ _
b b . . . b _ _ _ _ _ _ _ _ _ _
_ b . . . b _ _ _ _ _ _ _ _ _ _
_ b b . b b _ _ _ _ _ _ _ _ _ _
_ _ b . b _ _ _ _ _ _ _ _ _ _ _
_ _ b b b _ _ _ _ _ _ _ _ _ _ _
_ _ _ _ _ _ _ _ _ _ _ _ _ _ _ _


. . . . b _ _ _ _ _ _ _ _ _ _ _
. . . . b b b _ _ _ _ _ _ _ _ _
. . . . . . b _ _ _ _ _ _ _ _ _
. . . . . . b _ _ _ _ _ _ _ _ _
b b . . . . b _ _ _ _ _ _ _ _ _
_ b . . . b b _ _ _ _ _ _ _ _ _
_ b b b b b _ _ _ _ _ _ _ _ _ _
_ _ _ _ _ _ _ _ _ _ _ _ _ _ _ _


_ _ _ _ _ _ _ _ _ _ _ _ _ _ _ _
_ _ _ _ _ _ _ _ _ _ _ _ _ _ _ _
_ _ _ _ _ _ _ _ _ _ _ _ _ _ _ _
_ _ _ _ b b b b b _ _ _ _ _ _ _
_ _ _ _ b . . . b _ _ _ _ _ _ _
_ _ _ _ b . . . b b _ _ _ _ _ _
_ _ _ b b . . . . b _ _ _ _ _ _
_ _ _ b . . b b b b _ _ _ _ _ _


b b b b b _ _ _ _ _ _ _ _ _ _ _
. b b . b _ _ _ _ _ _ _ _ _ _ _
. . . . b _ _ _ _ _ _ _ _ _ _ _
. . . b b b _ _ _ _ _ _ _ _ _ _
. . . . . b _ _ _ _ _ _ _ _ _ _
. . . . b b b _ _ _ _ _ _ _ _ _
. . . . . . b b _ _ _ _ _ _ _ _
. . . . . . . b _ _ _ _ _ _ _ _


_ _ b b . . b _ _ _ _ _ _ _ _ _
_ _ b . . . b b _ _ _ _ _ _ _ _
_ _ b . . . . b _ _ _ _ _ _ _ _
_ b b . . . . b _ _ _ _ _ _ _ _
_ b . . . . . b _ _ _ _ _ _ _ _
_ b b b b b b b _ _ _ _ _ _ _ _
_ _ _ _ _ _ _ _ _ _ _ _ _ _ _ _
_ _ _ _ _ _ _ _ _ _ _ _ _ _ _ _


_ _ _ _ _ _ _ _ b . . . . b _ _
_ _ _ _ _ _ _ _ b . . . . b _ _
_ _ _ _ _ _ _ _ b . . . . b _ _
_ _ _ _ _ _ _ _ b b . . . b b _
_ _ _ _ _ _ _ _ _ b b . . . b _
_ _ _ _ _ _ _ _ _ _ b . . b b _
_ _ _ _ _ _ _ _ _ _ b b b b _ _
_ _ _ _ _ _ _ _ _ _ _ _ _ _ _ _


_ _ _ _ b b b . . . . . . b _ _
_ _ _ _ b . . . . . . . . b _ _
_ _ _ _ b . b . . . . . . b _ _
_ _ _ _ b b b b b . . . . b _ _
_ _ _ _ _ _ _ _ b . . . . b _ _
_ _ _ _ _ _ _ _ b . . b b b _ _
_ _ _ _ _ _ _ _ b b b b _ _ _ _
_ _ _ _ _ _ _ _ _ _ _ _ _ _ _ _


_ _ _ b . . . . b b _ _ _ _ _ _
_ _ _ b b . . . . b _ _ _ _ _ _
_ _ _ _ b . . . . b _ _ _ _ _ _
_ _ _ b b b . . . b _ _ _ _ _ _
_ _ _ b . . . b b b _ _ _ _ _ _
_ _ _ b b . . b _ _ _ _ _ _ _ _
_ _ _ _ b b . b _ _ _ _ _ _ _ _
_ _ _ _ _ b b b _ _ _ _ _ _ _ _


_ _ _ _ _ _ _ _ _ _ _ _ _ _ _ _
_ _ _ _ _ _ _ _ _ _ _ _ _ _ _ _
_ _ _ _ _ _ _ _ _ _ _ b b b b b
_ _ _ _ _ _ _ _ _ _ b b . b b .
_ _ _ _ _ _ _ _ _ _ b . . . . .
_ _ _ _ _ _ _ _ _ b b . . . . .
_ _ _ _ _ _ _ _ _ b . . . . . .
_ _ _ _ _ _ _ _ _ b . . . . . .


_ _ _ _ _ _ _ _ _ _ _ _ _ _ _ _
b b _ _ _ _ _ _ _ _ _ _ _ _ _ _
. b _ _ _ _ _ _ _ _ _ _ _ _ _ _
. b b b _ _ _ _ _ _ _ _ _ _ _ _
. . . b _ _ _ _ _ _ _ _ _ _ _ _
. . . b b _ _ _ _ _ _ _ _ _ _ _
. . . . b _ _ _ _ _ _ _ _ _ _ _
. . b b b _ _ _ _ _ _ _ _ _ _ _


_ _ _ _ _ _ _ _ _ _ _ _ _ _ _ _
_ _ _ _ _ _ _ _ _ _ _ _ _ _ _ _
_ _ _ _ _ _ _ _ _ _ _ _ _ _ _ _
_ _ _ _ b b b _ _ _ _ _ _ _ _ _
_ b b b b . b b _ _ _ _ _ _ _ _
_ b . . . . . b b _ _ _ _ _ _ _
_ b b . . . . . b _ _ _ _ _ _ _
_ _ b . . . . . b _ _ _ _ _ _ _


. . . . b b b b _ _ _ _ _ _ _ _
. . . . . . . b _ _ _ _ _ _ _ _
. . . . . b b b _ _ _ _ _ _ _ _
. . . . . . b _ _ _ _ _ _ _ _ _
. . . b b b b _ _ _ _ _ _ _ _ _
. . . b _ _ _ _ _ _ _ _ _ _ _ _
b b b b _ _ _ _ _ _ _ _ _ _ _ _
_ _ _ _ _ _ _ _ _ _ _ _ _ _ _ _


_ _ _ _ _ _ _ _ b b . . . b _ _
_ _ _ _ _ _ _ _ b . . . . b _ _
_ _ _ _ _ _ _ _ b b . . . b _ _
_ _ _ _ _ _ _ _ _ b b . b b _ _
_ _ _ _ _ _ _ _ _ _ b b b _ _ _
_ _ _ _ _ _ _ _ _ _ _ _ _ _ _ _
_ _ _ _ _ _ _ _ _ _ _ _ _ _ _ _
_ _ _ _ _ _ _ _ _ _ _ _ _ _ _ _


_ _ _ _ _ _ _ _ _ _ _ _ b b b _
_ _ _ _ _ _ _ _ _ b b b b . b _
_ _ _ _ _ _ _ _ _ b . . . . b b
_ _ _ _ _ _ _ _ _ b b . . . . .
_ _ _ _ _ _ _ _ _ _ b . . . . .
_ _ _ _ _ _ _ _ _ _ b b b . . b
_ _ _ _ _ _ _ _ _ _ _ _ b . b b
_ _ _ _ _ _ _ _ _ _ _ _ b b b _


. . . . . . b _ _ _ _ _ _ _ _ _
. . . . . . b _ _ _ _ _ _ _ _ _
. . . b b b b _ _ _ _ _ _ _ _ _
. . . . b _ _ _ _ _ _ _ _ _ _ _
. . . . b b _ _ _ _ _ _ _ _ _ _
b . b . . b _ _ _ _ _ _ _ _ _ _
b b b b b b _ _ _ _ _ _ _ _ _ _
_ _ _ _ _ _ _ _ _ _ _ _ _ _ _ _


_ _ _ _ _ _ _ _ b b . b _ _ _ _
_ _ _ _ _ _ _ b b . . b b _ _ _
_ _ _ _ _ b b b . . . . b _ _ _
_ _ _ _ _ b . . . . . . b _ _ _
_ _ _ _ _ b b b . . . . b _ _ _
_ _ _ _ _ _ _ b b . . . b _ _ _
_ _ _ _ _ _ _ _ b . . . b _ _ _
_ _ _ _ _ _ _ _ b b b b b _ _ _


b b b b _ _ _ _ _ _ _ _ _ _ _ _
b . . b _ _ _ _ _ _ _ _ _ _ _ _
b . . b b b _ _ _ _ _ _ _ _ _ _
. . . . . b _ _ _ _ _ _ _ _ _ _
. . . . . b _ _ _ _ _ _ _ _ _ _
. . . . . b _ _ _ _ _ _ _ _ _ _
. . . . . b b _ _ _ _ _ _ _ _ _
. . . . . . b _ _ _ _ _ _ _ _ _


_ _ _ _ _ _ _ _ _ _ _ _ _ _ _ _
_ _ _ _ _ _ _ _ _ _ _ b b b b b
_ _ _ _ _ _ _ _ _ _ b b . b . b
_ _ _ _ _ _ _ _ _ _ b . . . . b
_ _ _ _ _ _ _ _ _ _ b b . . . b
_ _ _ _ _ _ _ _ _ _ b b . . . b
_ _ _ _ _ _ _ _ _ _ b . . . . b
_ _ _ _ _ _ _ _ _ _ b b . b b b


_ _ _ _ _ _ _ _ _ _ _ _ _ _ _ _
_ _ _ _ _ _ _ _ _ _ _ _ _ _ _ _
_ _ _ b b b _ b b b _ _ _ _ _ _
_ _ _ b . b b b . b _ _ _ _ _ _
_ _ b b . b b . . b b b _ _ _ _
_ _ b . . . . . . . . b _ _ _ _
_ _ b b . . . . . b b b _ _ _ _
_ _ _ b b b b . . b _ _ _ _ _ _


_ _ _ _ _ _ _ _ _ _ _ _ _ _ _ _
_ _ _ _ _ _ _ _ _ _ _ _ _ _ _ _
_ _ _ _ _ _ _ _ _ _ _ b b b b _
_ _ _ _ _ _ _ _ _ b b b . . b _
_ _ _ _ _ _ _ b b b . . . . b b
_ _ _ _ _ _ _ b . . . . . . . b
_ _ _ _ _ _ _ b b . . . . . b b
_ _ _ _ _ _ _ _ b . . . . . b _


_ _ _ _ b . . . . . . . b b _ _
_ _ _ _ b b b . . . . . . b b b
_ _ _ _ _ _ b . . . . . . . . b
_ _ _ _ _ _ b b . . . . b b b b
_ _ _ _ _ _ _ b b b b b b _ _ _
_ _ _ _ _ _ _ _ _ _ _ _ _ _ _ _
_ _ _ _ _ _ _ _ _ _ _ _ _ _ _ _
_ _ _ _ _ _ _ _ _ _ _ _ _ _ _ _


_ _ _ b . . . . . b b _ _ _ _ _
_ _ _ b b . . . . . b _ _ _ _ _
_ _ _ _ b b . . . . b _ _ _ _ _
_ _ _ _ _ b . . . . b _ _ _ _ _
_ _ _ _ _ b . . . b b _ _ _ _ _
_ _ _ _ _ b . . . b _ _ _ _ _ _
_ _ _ _ _ b b b b b _ _ _ _ _ _
_ _ _ _ _ _ _ _ _ _ _ _ _ _ _ _


b b b _ _ _ _ _ _ _ _ _ _ _ _ _
. . b b _ _ _ _ _ _ _ _ _ _ _ _
. . . b _ _ _ _ _ _ _ _ _ _ _ _
. . . b b b _ _ _ _ _ _ _ _ _ _
. . . . . b _ _ _ _ _ _ _ _ _ _
. . . . . b _ _ _ _ _ _ _ _ _ _
. b . . b b _ _ _ _ _ _ _ _ _ _
b b b b b _ _ _ _ _ _ _ _ _ _ _


_ _ _ _ _ _ _ _ _ _ _ _ b . . .
_ _ _ _ _ _ _ _ _ _ _ _ b . . .
_ _ _ _ _ _ _ _ _ _ _ _ b . . .
_ _ _ _ _ _ _ _ _ _ _ _ b . . .
_ _ _ _ _ _ _ _ _ _ _ _ b . . b
_ _ _ _ _ _ _ _ _ _ _ _ b b b b
_ _ _ _ _ _ _ _ _ _ _ _ _ _ _ _
_ _ _ _ _ _ _ _ _ _ _ _ _ _ _ _


_ _ _ _ _ _ _ _ _ _ _ _ _ b b b
_ _ _ _ _ _ _ _ _ _ _ _ _ b . .
_ _ _ _ _ _ _ _ _ _ _ b b b . .
_ _ _ _ _ _ _ _ _ _ _ b . . . .
_ _ _ _ _ _ _ _ _ _ _ b . . . .
_ _ _ _ _ _ _ _ _ _ _ b . . . .
_ _ _ _ _ _ _ _ _ _ _ b b b . .
_ _ _ _ _ _ _ _ _ _ _ _ _ b . .


_ _ _ b b b _ _ _ _ _ _ _ _ _ _
_ _ _ b . b _ _ _ _ _ _ _ _ _ _
b b b b . b _ _ _ _ _ _ _ _ _ _
b . . . . b b _ _ _ _ _ _ _ _ _
. . . . . . b b _ _ _ _ _ _ _ _
. . . . . . . b _ _ _ _ _ _ _ _
. . . . . . b b _ _ _ _ _ _ _ _
. . . . . b b _ _ _ _ _ _ _ _ _


_ _ _ _ _ _ _ b b . . b b _ _ _
_ _ _ _ _ _ _ b . . . . b b _ _
_ _ _ _ _ _ _ b b b . . . b _ _
_ _ _ _ _ _ _ _ _ b . b b b _ _
_ _ _ _ _ _ _ b b b . b _ _ _ _
_ _ _ _ _ _ _ b . . . b _ _ _ _
_ _ _ _ _ _ _ b b b b b _ _ _ _
_ _ _ _ _ _ _ _ _ _ _ _ _ _ _ _


_ _ _ _ _ _ _ _ _ b b b _ _ _ _
_ _ _ _ _ _ b b b b . b b _ _ _
_ _ _ _ _ _ b . b . . . b _ _ _
_ _ _ _ _ _ b . . . . . b _ _ _
_ _ _ _ _ b b . . . . . b _ _ _
_ _ _ _ _ b . . . . . b b _ _ _
_ _ _ _ _ b b b . . . b _ _ _ _
_ _ _ _ _ _ _ b b b b b _ _ _ _


. . . b _ _ _ _ _ _ _ _ _ _ _ _
. . . b b _ _ _ _ _ _ _ _ _ _ _
. . . . b _ _ _ _ _ _ _ _ _ _ _
. . . . b _ _ _ _ _ _ _ _ _ _ _
. . b . b _ _ _ _ _ _ _ _ _ _ _
b b b b b _ _ _ _ _ _ _ _ _ _ _
_ _ _ _ _ _ _ _ _ _ _ _ _ _ _ _
_ _ _ _ _ _ _ _ _ _ _ _ _ _ _ _


_ _ _ _ b b . . . b _ _ _ _ _ _
_ _ b b b . . . . b _ _ _ _ _ _
b b b . . . . . b b _ _ _ _ _ _
b . . . . . . . b _ _ _ _ _ _ _
b b b b b . . . b _ _ _ _ _ _ _
_ _ _ _ b b . b b _ _ _ _ _ _ _
_ _ _ _ b . . b _ _ _ _ _ _ _ _
_ _ _ _ b b b b _ _ _ _ _ _ _ _


_ _ _ _ _ _ _ b b b _ _ _ _ _ _
_ _ _ _ _ _ b b . b b _ _ _ _ _
_ _ _ _ _ b b . . . b _ _ _ _ _
_ _ _ _ _ b . . . . b b _ _ _ _
_ _ _ _ _ b . . . . . b b _ _ _
_ _ _ _ _ b . . . . . . b _ _ _
_ _ _ _ _ b b . b . . . b _ _ _
_ _ _ _ _ _ b b b b b b b _ _ _


b b b b b b b _ _ _ _ _ _ _ _ _
b . b . . . b _ _ _ _ _ _ _ _ _
. . . . . b b _ _ _ _ _ _ _ _ _
. . . . . b _ _ _ _ _ _ _ _ _ _
. . . b b b _ _ _ _ _ _ _ _ _ _
. . . b _ _ _ _ _ _ _ _ _ _ _ _
. . b b _ _ _ _ _ _ _ _ _ _ _ _
. . b _ _ _ _ _ _ _ _ _ _ _ _ _


_ _ _ _ _ _ _ b b b b b b _ _ _
_ _ _ _ _ b b b . b b . b _ _ _
_ _ _ _ _ b . . . . . . b _ _ _
_ _ _ _ b b . . . . . . b _ _ _
_ _ _ _ b . . . . . . b b _ _ _
_ _ _ _ b . . . . . b b _ _ _ _
_ _ _ _ b b b . . . . b _ _ _ _
_ _ _ _ _ _ b b . b b b _ _ _ _


_ _ _ _ _ _ _ _ _ _ _ _ _ _ _ _
_ _ _ _ _ b b b b b b b _ _ _ _
_ _ _ _ _ b . . b b . b _ _ _ _
_ _ _ _ _ b . . . . . b _ _ _ _
_ _ _ _ _ b b . . . . b _ _ _ _
_ _ _ _ _ b . . . . . b b _ _ _
_ _ _ _ _ b b . . . . . b b _ _
_ _ _ _ _ b . . . . . . . b _ _


_ _ _ b . . . b _ _ _ _ _ _ _ _
_ _ _ b . . . b b _ _ _ _ _ _ _
_ _ _ b . . . . b _ _ _ _ _ _ _
_ _ _ b . . . . b _ _ _ _ _ _ _
_ _ _ b . . . b b _ _ _ _ _ _ _
_ _ _ b . . b b _ _ _ _ _ _ _ _
_ _ _ b b b b _ _ _ _ _ _ _ _ _
_ _ _ _ _ _ _ _ _ _ _ _ _ _ _ _


. . b b b b b b _ _ _ _ _ _ _ _
. . . . . . . b _ _ _ _ _ _ _ _
. . . . . . . b _ _ _ _ _ _ _ _
. . . . . . . b _ _ _ _ _ _ _ _
b b . . . b . b _ _ _ _ _ _ _ _
_ b . . . b b b _ _ _ _ _ _ _ _
_ b b b b b _ _ _ _ _ _ _ _ _ _
_ _ _ _ _ _ _ _ _ _ _ _ _ _ _ _



