---
source: src/puzzle.rs
expression: "show_principle_variation(&puzzle, &solution)"
---
b b w . . . w b b . w b b _ _ _
w . b w b b . b b . w . b _ _ _
. w w . w b . . b . b . b _ _ _
b b b b b b b b b b b b _ _ _ _
_ _ _ _ _ _ _ _ _ _ _ _ _ _ _ _
_ _ _ _ _ _ _ _ _ _ _ _ _ _ _ _
_ _ _ _ _ _ _ _ _ _ _ _ _ _ _ _
_ _ _ _ _ _ _ _ _ _ _ _ _ _ _ _



