---
source: src/puzzle.rs
expression: "show_principle_variation(&puzzle, &solution)"
---
_ _ w . . . . . . . . . w _ _ _
_ _ w w b b b . b b b w w _ _ _
_ _ _ w w w w b w w w w _ _ _ _
_ _ _ _ _ _ w . w _ _ _ _ _ _ _
_ _ _ _ _ _ _ w _ _ _ _ _ _ _ _
_ _ _ _ _ _ _ _ _ _ _ _ _ _ _ _
_ _ _ _ _ _ _ _ _ _ _ _ _ _ _ _
_ _ _ _ _ _ _ _ _ _ _ _ _ _ _ _



