---
source: src/puzzle.rs
expression: "show_principle_variation(&puzzle, &solution)"
---
. b w w w b _ _ _ _ _ _ _ _ _ _
w w . . w b _ _ _ _ _ _ _ _ _ _
b b w w w b _ _ _ _ _ _ _ _ _ _
_ b b b b b _ _ _ _ _ _ _ _ _ _
_ _ _ _ _ _ _ _ _ _ _ _ _ _ _ _
_ _ _ _ _ _ _ _ _ _ _ _ _ _ _ _
_ _ _ _ _ _ _ _ _ _ _ _ _ _ _ _
_ _ _ _ _ _ _ _ _ _ _ _ _ _ _ _


black: (2, 1)
. b w w w b _ _ _ _ _ _ _ _ _ _
w w b . w b _ _ _ _ _ _ _ _ _ _
b b w w w b _ _ _ _ _ _ _ _ _ _
_ b b b b b _ _ _ _ _ _ _ _ _ _
_ _ _ _ _ _ _ _ _ _ _ _ _ _ _ _
_ _ _ _ _ _ _ _ _ _ _ _ _ _ _ _
_ _ _ _ _ _ _ _ _ _ _ _ _ _ _ _
_ _ _ _ _ _ _ _ _ _ _ _ _ _ _ _


white: (0, 0)
w . w w w b _ _ _ _ _ _ _ _ _ _
w w b . w b _ _ _ _ _ _ _ _ _ _
b b w w w b _ _ _ _ _ _ _ _ _ _
_ b b b b b _ _ _ _ _ _ _ _ _ _
_ _ _ _ _ _ _ _ _ _ _ _ _ _ _ _
_ _ _ _ _ _ _ _ _ _ _ _ _ _ _ _
_ _ _ _ _ _ _ _ _ _ _ _ _ _ _ _
_ _ _ _ _ _ _ _ _ _ _ _ _ _ _ _


black: (1, 0)
. b w w w b _ _ _ _ _ _ _ _ _ _
. . b . w b _ _ _ _ _ _ _ _ _ _
b b w w w b _ _ _ _ _ _ _ _ _ _
_ b b b b b _ _ _ _ _ _ _ _ _ _
_ _ _ _ _ _ _ _ _ _ _ _ _ _ _ _
_ _ _ _ _ _ _ _ _ _ _ _ _ _ _ _
_ _ _ _ _ _ _ _ _ _ _ _ _ _ _ _
_ _ _ _ _ _ _ _ _ _ _ _ _ _ _ _


white: (1, 1)
. b w w w b _ _ _ _ _ _ _ _ _ _
. w b . w b _ _ _ _ _ _ _ _ _ _
b b w w w b _ _ _ _ _ _ _ _ _ _
_ b b b b b _ _ _ _ _ _ _ _ _ _
_ _ _ _ _ _ _ _ _ _ _ _ _ _ _ _
_ _ _ _ _ _ _ _ _ _ _ _ _ _ _ _
_ _ _ _ _ _ _ _ _ _ _ _ _ _ _ _
_ _ _ _ _ _ _ _ _ _ _ _ _ _ _ _


black: (3, 1)
. b . . . b _ _ _ _ _ _ _ _ _ _
. w b b . b _ _ _ _ _ _ _ _ _ _
b b . . . b _ _ _ _ _ _ _ _ _ _
_ b b b b b _ _ _ _ _ _ _ _ _ _
_ _ _ _ _ _ _ _ _ _ _ _ _ _ _ _
_ _ _ _ _ _ _ _ _ _ _ _ _ _ _ _
_ _ _ _ _ _ _ _ _ _ _ _ _ _ _ _
_ _ _ _ _ _ _ _ _ _ _ _ _ _ _ _


white: (0, 0)
w b . . . b _ _ _ _ _ _ _ _ _ _
. w b b . b _ _ _ _ _ _ _ _ _ _
b b . . . b _ _ _ _ _ _ _ _ _ _
_ b b b b b _ _ _ _ _ _ _ _ _ _
_ _ _ _ _ _ _ _ _ _ _ _ _ _ _ _
_ _ _ _ _ _ _ _ _ _ _ _ _ _ _ _
_ _ _ _ _ _ _ _ _ _ _ _ _ _ _ _
_ _ _ _ _ _ _ _ _ _ _ _ _ _ _ _


black: (4, 1)
w b . . . b _ _ _ _ _ _ _ _ _ _
. w b b b b _ _ _ _ _ _ _ _ _ _
b b . . . b _ _ _ _ _ _ _ _ _ _
_ b b b b b _ _ _ _ _ _ _ _ _ _
_ _ _ _ _ _ _ _ _ _ _ _ _ _ _ _
_ _ _ _ _ _ _ _ _ _ _ _ _ _ _ _
_ _ _ _ _ _ _ _ _ _ _ _ _ _ _ _
_ _ _ _ _ _ _ _ _ _ _ _ _ _ _ _



