---
source: src/puzzle.rs
expression: "show_principle_variation(&puzzle, &solution)"
---
_ _ w . . . . . . . . . w _ _ _
_ _ w w b b b . b b b w w _ _ _
_ _ _ w w w w b w w w w _ _ _ _
_ _ _ _ _ _ w . w _ _ _ _ _ _ _
_ _ _ _ _ _ _ w _ _ _ _ _ _ _ _
_ _ _ _ _ _ _ _ _ _ _ _ _ _ _ _
_ _ _ _ _ _ _ _ _ _ _ _ _ _ _ _
_ _ _ _ _ _ _ _ _ _ _ _ _ _ _ _


black: (7, 0)
_ _ w . . . . b . . . . w _ _ _
_ _ w w b b b . b b b w w _ _ _
_ _ _ w w w w b w w w w _ _ _ _
_ _ _ _ _ _ w . w _ _ _ _ _ _ _
_ _ _ _ _ _ _ w _ _ _ _ _ _ _ _
_ _ _ _ _ _ _ _ _ _ _ _ _ _ _ _
_ _ _ _ _ _ _ _ _ _ _ _ _ _ _ _
_ _ _ _ _ _ _ _ _ _ _ _ _ _ _ _


white: (3, 0)
_ _ w w . . . b . . . . w _ _ _
_ _ w w b b b . b b b w w _ _ _
_ _ _ w w w w b w w w w _ _ _ _
_ _ _ _ _ _ w . w _ _ _ _ _ _ _
_ _ _ _ _ _ _ w _ _ _ _ _ _ _ _
_ _ _ _ _ _ _ _ _ _ _ _ _ _ _ _
_ _ _ _ _ _ _ _ _ _ _ _ _ _ _ _
_ _ _ _ _ _ _ _ _ _ _ _ _ _ _ _


black: (4, 0)
_ _ w w b . . b . . . . w _ _ _
_ _ w w b b b . b b b w w _ _ _
_ _ _ w w w w b w w w w _ _ _ _
_ _ _ _ _ _ w . w _ _ _ _ _ _ _
_ _ _ _ _ _ _ w _ _ _ _ _ _ _ _
_ _ _ _ _ _ _ _ _ _ _ _ _ _ _ _
_ _ _ _ _ _ _ _ _ _ _ _ _ _ _ _
_ _ _ _ _ _ _ _ _ _ _ _ _ _ _ _


white: (5, 0)
_ _ w w b w . b . . . . w _ _ _
_ _ w w b b b . b b b w w _ _ _
_ _ _ w w w w b w w w w _ _ _ _
_ _ _ _ _ _ w . w _ _ _ _ _ _ _
_ _ _ _ _ _ _ w _ _ _ _ _ _ _ _
_ _ _ _ _ _ _ _ _ _ _ _ _ _ _ _
_ _ _ _ _ _ _ _ _ _ _ _ _ _ _ _
_ _ _ _ _ _ _ _ _ _ _ _ _ _ _ _


black: (9, 0)
_ _ w w b w . b . b . . w _ _ _
_ _ w w b b b . b b b w w _ _ _
_ _ _ w w w w b w w w w _ _ _ _
_ _ _ _ _ _ w . w _ _ _ _ _ _ _
_ _ _ _ _ _ _ w _ _ _ _ _ _ _ _
_ _ _ _ _ _ _ _ _ _ _ _ _ _ _ _
_ _ _ _ _ _ _ _ _ _ _ _ _ _ _ _
_ _ _ _ _ _ _ _ _ _ _ _ _ _ _ _


white: (10, 0)
_ _ w w b w . b . b w . w _ _ _
_ _ w w b b b . b b b w w _ _ _
_ _ _ w w w w b w w w w _ _ _ _
_ _ _ _ _ _ w . w _ _ _ _ _ _ _
_ _ _ _ _ _ _ w _ _ _ _ _ _ _ _
_ _ _ _ _ _ _ _ _ _ _ _ _ _ _ _
_ _ _ _ _ _ _ _ _ _ _ _ _ _ _ _
_ _ _ _ _ _ _ _ _ _ _ _ _ _ _ _


black: (7, 1)
_ _ w w b w . b . b w . w _ _ _
_ _ w w b b b b b b b w w _ _ _
_ _ _ w w w w b w w w w _ _ _ _
_ _ _ _ _ _ w . w _ _ _ _ _ _ _
_ _ _ _ _ _ _ w _ _ _ _ _ _ _ _
_ _ _ _ _ _ _ _ _ _ _ _ _ _ _ _
_ _ _ _ _ _ _ _ _ _ _ _ _ _ _ _
_ _ _ _ _ _ _ _ _ _ _ _ _ _ _ _



