---
source: src/puzzle.rs
expression: "show_principle_variation(&puzzle, &solution)"
---
. w b . . . b w _ _ _ _ _ _ _ _
w w b . w . b w _ _ _ _ _ _ _ _
. w b b b b b w _ _ _ _ _ _ _ _
w w w w w w w w _ _ _ _ _ _ _ _
_ _ _ _ _ _ _ _ _ _ _ _ _ _ _ _
_ _ _ _ _ _ _ _ _ _ _ _ _ _ _ _
_ _ _ _ _ _ _ _ _ _ _ _ _ _ _ _
_ _ _ _ _ _ _ _ _ _ _ _ _ _ _ _


black: (4, 0)
. w b . b . b w _ _ _ _ _ _ _ _
w w b . w . b w _ _ _ _ _ _ _ _
. w b b b b b w _ _ _ _ _ _ _ _
w w w w w w w w _ _ _ _ _ _ _ _
_ _ _ _ _ _ _ _ _ _ _ _ _ _ _ _
_ _ _ _ _ _ _ _ _ _ _ _ _ _ _ _
_ _ _ _ _ _ _ _ _ _ _ _ _ _ _ _
_ _ _ _ _ _ _ _ _ _ _ _ _ _ _ _


white: (3, 0)
. w b w b . b w _ _ _ _ _ _ _ _
w w b . w . b w _ _ _ _ _ _ _ _
. w b b b b b w _ _ _ _ _ _ _ _
w w w w w w w w _ _ _ _ _ _ _ _
_ _ _ _ _ _ _ _ _ _ _ _ _ _ _ _
_ _ _ _ _ _ _ _ _ _ _ _ _ _ _ _
_ _ _ _ _ _ _ _ _ _ _ _ _ _ _ _
_ _ _ _ _ _ _ _ _ _ _ _ _ _ _ _


black: (3, 1)
. w b . b . b w _ _ _ _ _ _ _ _
w w b b w . b w _ _ _ _ _ _ _ _
. w b b b b b w _ _ _ _ _ _ _ _
w w w w w w w w _ _ _ _ _ _ _ _
_ _ _ _ _ _ _ _ _ _ _ _ _ _ _ _
_ _ _ _ _ _ _ _ _ _ _ _ _ _ _ _
_ _ _ _ _ _ _ _ _ _ _ _ _ _ _ _
_ _ _ _ _ _ _ _ _ _ _ _ _ _ _ _


white: Pass
. w b . b . b w _ _ _ _ _ _ _ _
w w b b w . b w _ _ _ _ _ _ _ _
. w b b b b b w _ _ _ _ _ _ _ _
w w w w w w w w _ _ _ _ _ _ _ _
_ _ _ _ _ _ _ _ _ _ _ _ _ _ _ _
_ _ _ _ _ _ _ _ _ _ _ _ _ _ _ _
_ _ _ _ _ _ _ _ _ _ _ _ _ _ _ _
_ _ _ _ _ _ _ _ _ _ _ _ _ _ _ _


black: (5, 0)
. w b . b b b w _ _ _ _ _ _ _ _
w w b b w . b w _ _ _ _ _ _ _ _
. w b b b b b w _ _ _ _ _ _ _ _
w w w w w w w w _ _ _ _ _ _ _ _
_ _ _ _ _ _ _ _ _ _ _ _ _ _ _ _
_ _ _ _ _ _ _ _ _ _ _ _ _ _ _ _
_ _ _ _ _ _ _ _ _ _ _ _ _ _ _ _
_ _ _ _ _ _ _ _ _ _ _ _ _ _ _ _



