---
source: src/puzzle.rs
expression: "show_principle_variation(&puzzle, &solution)"
---
. . . b w _ _ _ _ _ _ _ _ _ _ _
b b b b w _ _ _ _ _ _ _ _ _ _ _
w w w w w _ _ _ _ _ _ _ _ _ _ _
_ _ _ _ _ _ _ _ _ _ _ _ _ _ _ _
_ _ _ _ _ _ _ _ _ _ _ _ _ _ _ _
_ _ _ _ _ _ _ _ _ _ _ _ _ _ _ _
_ _ _ _ _ _ _ _ _ _ _ _ _ _ _ _
_ _ _ _ _ _ _ _ _ _ _ _ _ _ _ _


black: (1, 0)
. b . b w _ _ _ _ _ _ _ _ _ _ _
b b b b w _ _ _ _ _ _ _ _ _ _ _
w w w w w _ _ _ _ _ _ _ _ _ _ _
_ _ _ _ _ _ _ _ _ _ _ _ _ _ _ _
_ _ _ _ _ _ _ _ _ _ _ _ _ _ _ _
_ _ _ _ _ _ _ _ _ _ _ _ _ _ _ _
_ _ _ _ _ _ _ _ _ _ _ _ _ _ _ _
_ _ _ _ _ _ _ _ _ _ _ _ _ _ _ _



