---
source: src/puzzle.rs
expression: "show_principle_variation(&puzzle, &solution)"
---
. b w w w b _ _ _ _ _ _ _ _ _ _
w w . . w b _ _ _ _ _ _ _ _ _ _
b b w w w b _ _ _ _ _ _ _ _ _ _
_ b b b b b _ _ _ _ _ _ _ _ _ _
_ _ _ _ _ _ _ _ _ _ _ _ _ _ _ _
_ _ _ _ _ _ _ _ _ _ _ _ _ _ _ _
_ _ _ _ _ _ _ _ _ _ _ _ _ _ _ _
_ _ _ _ _ _ _ _ _ _ _ _ _ _ _ _


black: (2, 1)
. b w w w b _ _ _ _ _ _ _ _ _ _
w w b . w b _ _ _ _ _ _ _ _ _ _
b b w w w b _ _ _ _ _ _ _ _ _ _
_ b b b b b _ _ _ _ _ _ _ _ _ _
_ _ _ _ _ _ _ _ _ _ _ _ _ _ _ _
_ _ _ _ _ _ _ _ _ _ _ _ _ _ _ _
_ _ _ _ _ _ _ _ _ _ _ _ _ _ _ _
_ _ _ _ _ _ _ _ _ _ _ _ _ _ _ _


white: (3, 1)
. b w w w b _ _ _ _ _ _ _ _ _ _
w w . w w b _ _ _ _ _ _ _ _ _ _
b b w w w b _ _ _ _ _ _ _ _ _ _
_ b b b b b _ _ _ _ _ _ _ _ _ _
_ _ _ _ _ _ _ _ _ _ _ _ _ _ _ _
_ _ _ _ _ _ _ _ _ _ _ _ _ _ _ _
_ _ _ _ _ _ _ _ _ _ _ _ _ _ _ _
_ _ _ _ _ _ _ _ _ _ _ _ _ _ _ _


black: (2, 1)
. b . . . b _ _ _ _ _ _ _ _ _ _
w w b . . b _ _ _ _ _ _ _ _ _ _
b b . . . b _ _ _ _ _ _ _ _ _ _
_ b b b b b _ _ _ _ _ _ _ _ _ _
_ _ _ _ _ _ _ _ _ _ _ _ _ _ _ _
_ _ _ _ _ _ _ _ _ _ _ _ _ _ _ _
_ _ _ _ _ _ _ _ _ _ _ _ _ _ _ _
_ _ _ _ _ _ _ _ _ _ _ _ _ _ _ _


white: (2, 0)
. b w . . b _ _ _ _ _ _ _ _ _ _
w w b . . b _ _ _ _ _ _ _ _ _ _
b b . . . b _ _ _ _ _ _ _ _ _ _
_ b b b b b _ _ _ _ _ _ _ _ _ _
_ _ _ _ _ _ _ _ _ _ _ _ _ _ _ _
_ _ _ _ _ _ _ _ _ _ _ _ _ _ _ _
_ _ _ _ _ _ _ _ _ _ _ _ _ _ _ _
_ _ _ _ _ _ _ _ _ _ _ _ _ _ _ _


black: (0, 0)
b b w . . b _ _ _ _ _ _ _ _ _ _
. . b . . b _ _ _ _ _ _ _ _ _ _
b b . . . b _ _ _ _ _ _ _ _ _ _
_ b b b b b _ _ _ _ _ _ _ _ _ _
_ _ _ _ _ _ _ _ _ _ _ _ _ _ _ _
_ _ _ _ _ _ _ _ _ _ _ _ _ _ _ _
_ _ _ _ _ _ _ _ _ _ _ _ _ _ _ _
_ _ _ _ _ _ _ _ _ _ _ _ _ _ _ _


white: (1, 1)
b b w . . b _ _ _ _ _ _ _ _ _ _
. w b . . b _ _ _ _ _ _ _ _ _ _
b b . . . b _ _ _ _ _ _ _ _ _ _
_ b b b b b _ _ _ _ _ _ _ _ _ _
_ _ _ _ _ _ _ _ _ _ _ _ _ _ _ _
_ _ _ _ _ _ _ _ _ _ _ _ _ _ _ _
_ _ _ _ _ _ _ _ _ _ _ _ _ _ _ _
_ _ _ _ _ _ _ _ _ _ _ _ _ _ _ _


black: (0, 1)
b b w . . b _ _ _ _ _ _ _ _ _ _
b . b . . b _ _ _ _ _ _ _ _ _ _
b b . . . b _ _ _ _ _ _ _ _ _ _
_ b b b b b _ _ _ _ _ _ _ _ _ _
_ _ _ _ _ _ _ _ _ _ _ _ _ _ _ _
_ _ _ _ _ _ _ _ _ _ _ _ _ _ _ _
_ _ _ _ _ _ _ _ _ _ _ _ _ _ _ _
_ _ _ _ _ _ _ _ _ _ _ _ _ _ _ _


white: (3, 0)
b b w w . b _ _ _ _ _ _ _ _ _ _
b . b . . b _ _ _ _ _ _ _ _ _ _
b b . . . b _ _ _ _ _ _ _ _ _ _
_ b b b b b _ _ _ _ _ _ _ _ _ _
_ _ _ _ _ _ _ _ _ _ _ _ _ _ _ _
_ _ _ _ _ _ _ _ _ _ _ _ _ _ _ _
_ _ _ _ _ _ _ _ _ _ _ _ _ _ _ _
_ _ _ _ _ _ _ _ _ _ _ _ _ _ _ _


black: (1, 1)
b b w w . b _ _ _ _ _ _ _ _ _ _
b b b . . b _ _ _ _ _ _ _ _ _ _
b b . . . b _ _ _ _ _ _ _ _ _ _
_ b b b b b _ _ _ _ _ _ _ _ _ _
_ _ _ _ _ _ _ _ _ _ _ _ _ _ _ _
_ _ _ _ _ _ _ _ _ _ _ _ _ _ _ _
_ _ _ _ _ _ _ _ _ _ _ _ _ _ _ _
_ _ _ _ _ _ _ _ _ _ _ _ _ _ _ _



